Archive member included to satisfy reference by file (symbol)

/Applications/Ac6/SystemWorkbench.app/Contents/Eclipse/plugins/fr.ac6.mcu.externaltools.arm-none.macos64_1.12.0.201611241417/tools/compiler/bin/../lib/gcc/arm-none-eabi/5.4.1/../../../../arm-none-eabi/lib/armv7e-m/fpu/libc_nano.a(lib_a-exit.o)
                              /Applications/Ac6/SystemWorkbench.app/Contents/Eclipse/plugins/fr.ac6.mcu.externaltools.arm-none.macos64_1.12.0.201611241417/tools/compiler/bin/../lib/gcc/arm-none-eabi/5.4.1/../../../../arm-none-eabi/lib/armv7e-m/fpu/crt0.o (exit)
/Applications/Ac6/SystemWorkbench.app/Contents/Eclipse/plugins/fr.ac6.mcu.externaltools.arm-none.macos64_1.12.0.201611241417/tools/compiler/bin/../lib/gcc/arm-none-eabi/5.4.1/../../../../arm-none-eabi/lib/armv7e-m/fpu/libc_nano.a(lib_a-impure.o)
                              /Applications/Ac6/SystemWorkbench.app/Contents/Eclipse/plugins/fr.ac6.mcu.externaltools.arm-none.macos64_1.12.0.201611241417/tools/compiler/bin/../lib/gcc/arm-none-eabi/5.4.1/../../../../arm-none-eabi/lib/armv7e-m/fpu/libc_nano.a(lib_a-exit.o) (_global_impure_ptr)
/Applications/Ac6/SystemWorkbench.app/Contents/Eclipse/plugins/fr.ac6.mcu.externaltools.arm-none.macos64_1.12.0.201611241417/tools/compiler/bin/../lib/gcc/arm-none-eabi/5.4.1/../../../../arm-none-eabi/lib/armv7e-m/fpu/libc_nano.a(lib_a-init.o)
                              /Applications/Ac6/SystemWorkbench.app/Contents/Eclipse/plugins/fr.ac6.mcu.externaltools.arm-none.macos64_1.12.0.201611241417/tools/compiler/bin/../lib/gcc/arm-none-eabi/5.4.1/../../../../arm-none-eabi/lib/armv7e-m/fpu/crt0.o (__libc_init_array)
/Applications/Ac6/SystemWorkbench.app/Contents/Eclipse/plugins/fr.ac6.mcu.externaltools.arm-none.macos64_1.12.0.201611241417/tools/compiler/bin/../lib/gcc/arm-none-eabi/5.4.1/../../../../arm-none-eabi/lib/armv7e-m/fpu/libc_nano.a(lib_a-memcpy-stub.o)
                              Middlewares/Third_Party/FreeRTOS/Source/queue.o (memcpy)
/Applications/Ac6/SystemWorkbench.app/Contents/Eclipse/plugins/fr.ac6.mcu.externaltools.arm-none.macos64_1.12.0.201611241417/tools/compiler/bin/../lib/gcc/arm-none-eabi/5.4.1/../../../../arm-none-eabi/lib/armv7e-m/fpu/libc_nano.a(lib_a-memset.o)
                              /Applications/Ac6/SystemWorkbench.app/Contents/Eclipse/plugins/fr.ac6.mcu.externaltools.arm-none.macos64_1.12.0.201611241417/tools/compiler/bin/../lib/gcc/arm-none-eabi/5.4.1/../../../../arm-none-eabi/lib/armv7e-m/fpu/crt0.o (memset)
/Applications/Ac6/SystemWorkbench.app/Contents/Eclipse/plugins/fr.ac6.mcu.externaltools.arm-none.macos64_1.12.0.201611241417/tools/compiler/bin/../lib/gcc/arm-none-eabi/5.4.1/../../../../arm-none-eabi/lib/armv7e-m/fpu/libnosys.a(_exit.o)
                              /Applications/Ac6/SystemWorkbench.app/Contents/Eclipse/plugins/fr.ac6.mcu.externaltools.arm-none.macos64_1.12.0.201611241417/tools/compiler/bin/../lib/gcc/arm-none-eabi/5.4.1/../../../../arm-none-eabi/lib/armv7e-m/fpu/libc_nano.a(lib_a-exit.o) (_exit)

Allocating common symbols
Common symbol       size              file

Can_ProcessorHandle
                    0x4               Src/main.o
hdma_usart2_rx      0x60              Src/main.o
hspi2               0x58              Src/main.o
mcpRxBuf            0x21              Src/main.o
mcpTxBuf            0x22              Src/main.o
RTHandle            0x4               Src/main.o
mainCanRxQHandle    0x4               Src/main.o
hdma_spi2_rx        0x60              Src/main.o
TMTHandle           0x4               Src/main.o
uwTick              0x4               Drivers/STM32F4xx_HAL_Driver/Src/stm32f4xx_hal.o
xQueueRegistry      0x40              Middlewares/Third_Party/FreeRTOS/Source/queue.o
pFlash              0x20              Drivers/STM32F4xx_HAL_Driver/Src/stm32f4xx_hal_flash.o
SMTHandle           0x4               Src/main.o
hmcp1               0x64              Src/main.o
hspi3               0x58              Src/main.o
hdma_spi3_tx        0x60              Src/main.o
Serial2_buffer      0x40              Src/Can_Processor.o
bmsTRxCompleteHandle
                    0x4               Src/main.o
hadc1               0x48              Src/main.o
hcan2               0x40              Src/main.o
hdma_usart2_tx      0x60              Src/main.o
ApplicationHandle   0x4               Src/main.o
mainCanTxQHandle    0x4               Src/main.o
hdma_adc1           0x60              Src/main.o
htim6               0x3c              Src/stm32f4xx_hal_timebase_TIM.o
hwwdg               0x14              Src/main.o
mcp3909_DRHandle    0x4               Src/main.o
WWDGTmrHandle       0x4               Src/main.o
Serial2_writeStr_Buf
                    0x80              Src/Can_Processor.o
swMtxHandle         0x4               Src/main.o
huart2              0x40              Src/main.o
mcp3909_RXHandle    0x4               Src/main.o
hcan1               0x40              Src/main.o
hdma_spi2_tx        0x60              Src/main.o
[...]
Memory Configuration

Name             Origin             Length             Attributes
RAM              0x0000000020000000 0x0000000000020000 xrw
FLASH            0x0000000008000000 0x0000000000080000 xr
*default*        0x0000000000000000 0xffffffffffffffff

Linker script and memory map

LOAD /Applications/Ac6/SystemWorkbench.app/Contents/Eclipse/plugins/fr.ac6.mcu.externaltools.arm-none.macos64_1.12.0.201611241417/tools/compiler/bin/../lib/gcc/arm-none-eabi/5.4.1/armv7e-m/fpu/crti.o
LOAD /Applications/Ac6/SystemWorkbench.app/Contents/Eclipse/plugins/fr.ac6.mcu.externaltools.arm-none.macos64_1.12.0.201611241417/tools/compiler/bin/../lib/gcc/arm-none-eabi/5.4.1/armv7e-m/fpu/crtbegin.o
LOAD /Applications/Ac6/SystemWorkbench.app/Contents/Eclipse/plugins/fr.ac6.mcu.externaltools.arm-none.macos64_1.12.0.201611241417/tools/compiler/bin/../lib/gcc/arm-none-eabi/5.4.1/../../../../arm-none-eabi/lib/armv7e-m/fpu/crt0.o
LOAD /Applications/Ac6/SystemWorkbench.app/Contents/Eclipse/plugins/fr.ac6.mcu.externaltools.arm-none.macos64_1.12.0.201611241417/tools/compiler/bin/../lib/gcc/arm-none-eabi/5.4.1/../../../../arm-none-eabi/lib/armv7e-m/fpu/libm.a
LOAD Drivers/CMSIS/Device/ST/STM32F4xx/Source/Templates/gcc/startup_stm32f446xx.o
LOAD Drivers/STM32F4xx_HAL_Driver/Src/stm32f4xx_hal.o
LOAD Drivers/STM32F4xx_HAL_Driver/Src/stm32f4xx_hal_adc.o
LOAD Drivers/STM32F4xx_HAL_Driver/Src/stm32f4xx_hal_adc_ex.o
LOAD Drivers/STM32F4xx_HAL_Driver/Src/stm32f4xx_hal_can.o
LOAD Drivers/STM32F4xx_HAL_Driver/Src/stm32f4xx_hal_cortex.o
LOAD Drivers/STM32F4xx_HAL_Driver/Src/stm32f4xx_hal_dma.o
LOAD Drivers/STM32F4xx_HAL_Driver/Src/stm32f4xx_hal_dma_ex.o
LOAD Drivers/STM32F4xx_HAL_Driver/Src/stm32f4xx_hal_flash.o
LOAD Drivers/STM32F4xx_HAL_Driver/Src/stm32f4xx_hal_flash_ex.o
LOAD Drivers/STM32F4xx_HAL_Driver/Src/stm32f4xx_hal_flash_ramfunc.o
LOAD Drivers/STM32F4xx_HAL_Driver/Src/stm32f4xx_hal_gpio.o
LOAD Drivers/STM32F4xx_HAL_Driver/Src/stm32f4xx_hal_pwr.o
LOAD Drivers/STM32F4xx_HAL_Driver/Src/stm32f4xx_hal_pwr_ex.o
LOAD Drivers/STM32F4xx_HAL_Driver/Src/stm32f4xx_hal_rcc.o
LOAD Drivers/STM32F4xx_HAL_Driver/Src/stm32f4xx_hal_rcc_ex.o
LOAD Drivers/STM32F4xx_HAL_Driver/Src/stm32f4xx_hal_spi.o
LOAD Drivers/STM32F4xx_HAL_Driver/Src/stm32f4xx_hal_tim.o
LOAD Drivers/STM32F4xx_HAL_Driver/Src/stm32f4xx_hal_tim_ex.o
LOAD Drivers/STM32F4xx_HAL_Driver/Src/stm32f4xx_hal_uart.o
LOAD Drivers/STM32F4xx_HAL_Driver/Src/stm32f4xx_hal_wwdg.o
LOAD Middlewares/Third_Party/FreeRTOS/Source/CMSIS_RTOS/cmsis_os.o
LOAD Middlewares/Third_Party/FreeRTOS/Source/croutine.o
LOAD Middlewares/Third_Party/FreeRTOS/Source/event_groups.o
LOAD Middlewares/Third_Party/FreeRTOS/Source/list.o
LOAD Middlewares/Third_Party/FreeRTOS/Source/queue.o
LOAD Middlewares/Third_Party/FreeRTOS/Source/tasks.o
LOAD Middlewares/Third_Party/FreeRTOS/Source/timers.o
LOAD Middlewares/Third_Party/FreeRTOS/Source/portable/GCC/ARM_CM4F/port.o
LOAD Middlewares/Third_Party/FreeRTOS/Source/portable/MemMang/heap_4.o
LOAD Src/Can_Processor.o
LOAD Src/LTC68041.o
LOAD Src/can.o
LOAD Src/freertos.o
LOAD Src/main.o
LOAD Src/mcp3909.o
LOAD Src/nodeMiscHelpers.o
LOAD Src/serial.o
LOAD Src/stm32f4xx_hal_msp.o
LOAD Src/stm32f4xx_hal_timebase_TIM.o
LOAD Src/stm32f4xx_it.o
LOAD Src/system_stm32f4xx.o
START GROUP
LOAD /Applications/Ac6/SystemWorkbench.app/Contents/Eclipse/plugins/fr.ac6.mcu.externaltools.arm-none.macos64_1.12.0.201611241417/tools/compiler/bin/../lib/gcc/arm-none-eabi/5.4.1/armv7e-m/fpu/libgcc.a
LOAD /Applications/Ac6/SystemWorkbench.app/Contents/Eclipse/plugins/fr.ac6.mcu.externaltools.arm-none.macos64_1.12.0.201611241417/tools/compiler/bin/../lib/gcc/arm-none-eabi/5.4.1/../../../../arm-none-eabi/lib/armv7e-m/fpu/libc_nano.a
END GROUP
START GROUP
LOAD /Applications/Ac6/SystemWorkbench.app/Contents/Eclipse/plugins/fr.ac6.mcu.externaltools.arm-none.macos64_1.12.0.201611241417/tools/compiler/bin/../lib/gcc/arm-none-eabi/5.4.1/armv7e-m/fpu/libgcc.a
LOAD /Applications/Ac6/SystemWorkbench.app/Contents/Eclipse/plugins/fr.ac6.mcu.externaltools.arm-none.macos64_1.12.0.201611241417/tools/compiler/bin/../lib/gcc/arm-none-eabi/5.4.1/../../../../arm-none-eabi/lib/armv7e-m/fpu/libc_nano.a
LOAD /Applications/Ac6/SystemWorkbench.app/Contents/Eclipse/plugins/fr.ac6.mcu.externaltools.arm-none.macos64_1.12.0.201611241417/tools/compiler/bin/../lib/gcc/arm-none-eabi/5.4.1/../../../../arm-none-eabi/lib/armv7e-m/fpu/libnosys.a
END GROUP
START GROUP
LOAD /Applications/Ac6/SystemWorkbench.app/Contents/Eclipse/plugins/fr.ac6.mcu.externaltools.arm-none.macos64_1.12.0.201611241417/tools/compiler/bin/../lib/gcc/arm-none-eabi/5.4.1/armv7e-m/fpu/libgcc.a
LOAD /Applications/Ac6/SystemWorkbench.app/Contents/Eclipse/plugins/fr.ac6.mcu.externaltools.arm-none.macos64_1.12.0.201611241417/tools/compiler/bin/../lib/gcc/arm-none-eabi/5.4.1/../../../../arm-none-eabi/lib/armv7e-m/fpu/libc_nano.a
LOAD /Applications/Ac6/SystemWorkbench.app/Contents/Eclipse/plugins/fr.ac6.mcu.externaltools.arm-none.macos64_1.12.0.201611241417/tools/compiler/bin/../lib/gcc/arm-none-eabi/5.4.1/../../../../arm-none-eabi/lib/armv7e-m/fpu/libnosys.a
END GROUP
LOAD /Applications/Ac6/SystemWorkbench.app/Contents/Eclipse/plugins/fr.ac6.mcu.externaltools.arm-none.macos64_1.12.0.201611241417/tools/compiler/bin/../lib/gcc/arm-none-eabi/5.4.1/armv7e-m/fpu/crtend.o
LOAD /Applications/Ac6/SystemWorkbench.app/Contents/Eclipse/plugins/fr.ac6.mcu.externaltools.arm-none.macos64_1.12.0.201611241417/tools/compiler/bin/../lib/gcc/arm-none-eabi/5.4.1/armv7e-m/fpu/crtn.o
                0x0000000020020000                _estack = 0x20020000
                0x0000000000000200                _Min_Heap_Size = 0x200
                0x0000000000000400                _Min_Stack_Size = 0x400

.isr_vector     0x0000000008000000      0x1c4
                0x0000000008000000                . = ALIGN (0x4)
 *(.isr_vector)
 .isr_vector    0x0000000008000000      0x1c4 Drivers/CMSIS/Device/ST/STM32F4xx/Source/Templates/gcc/startup_stm32f446xx.o
                0x0000000008000000                g_pfnVectors
                0x00000000080001c4                . = ALIGN (0x4)

.text           0x00000000080001c4     0x5608
                0x00000000080001c4                . = ALIGN (0x4)
 *(.text)
 .text          0x00000000080001c4       0x5c /Applications/Ac6/SystemWorkbench.app/Contents/Eclipse/plugins/fr.ac6.mcu.externaltools.arm-none.macos64_1.12.0.201611241417/tools/compiler/bin/../lib/gcc/arm-none-eabi/5.4.1/armv7e-m/fpu/crtbegin.o
 *(.text*)
 .text.Reset_Handler
                0x0000000008000220       0x50 Drivers/CMSIS/Device/ST/STM32F4xx/Source/Templates/gcc/startup_stm32f446xx.o
                0x0000000008000220                Reset_Handler
 .text.Default_Handler
                0x0000000008000270        0x2 Drivers/CMSIS/Device/ST/STM32F4xx/Source/Templates/gcc/startup_stm32f446xx.o
                0x0000000008000270                FMPI2C1_Error_IRQHandler
                0x0000000008000270                EXTI2_IRQHandler
                0x0000000008000270                TIM8_CC_IRQHandler
                0x0000000008000270                DebugMon_Handler
                0x0000000008000270                SPI4_IRQHandler
                0x0000000008000270                TIM1_CC_IRQHandler
                0x0000000008000270                DMA2_Stream5_IRQHandler
                0x0000000008000270                HardFault_Handler
                0x0000000008000270                PVD_IRQHandler
                0x0000000008000270                SDIO_IRQHandler
                0x0000000008000270                TAMP_STAMP_IRQHandler
                0x0000000008000270                NMI_Handler
                0x0000000008000270                EXTI3_IRQHandler
                0x0000000008000270                TIM8_TRG_COM_TIM14_IRQHandler
                0x0000000008000270                TIM1_UP_TIM10_IRQHandler
                0x0000000008000270                TIM8_UP_TIM13_IRQHandler
                0x0000000008000270                I2C3_ER_IRQHandler
                0x0000000008000270                FMPI2C1_Event_IRQHandler
                0x0000000008000270                EXTI0_IRQHandler
                0x0000000008000270                I2C2_EV_IRQHandler
                0x0000000008000270                DMA1_Stream2_IRQHandler
                0x0000000008000270                FPU_IRQHandler
                0x0000000008000270                OTG_HS_WKUP_IRQHandler
                0x0000000008000270                UsageFault_Handler
                0x0000000008000270                DMA2_Stream2_IRQHandler
                0x0000000008000270                SPI1_IRQHandler
                0x0000000008000270                TIM1_BRK_TIM9_IRQHandler
                0x0000000008000270                DCMI_IRQHandler
                0x0000000008000270                DMA2_Stream3_IRQHandler
                0x0000000008000270                SAI2_IRQHandler
                0x0000000008000270                USART6_IRQHandler
                0x0000000008000270                USART3_IRQHandler
                0x0000000008000270                UART5_IRQHandler
                0x0000000008000270                TIM4_IRQHandler
                0x0000000008000270                QUADSPI_IRQHandler
                0x0000000008000270                I2C1_EV_IRQHandler
                0x0000000008000270                DMA1_Stream1_IRQHandler
                0x0000000008000270                UART4_IRQHandler
                0x0000000008000270                TIM3_IRQHandler
                0x0000000008000270                RCC_IRQHandler
                0x0000000008000270                TIM8_BRK_TIM12_IRQHandler
                0x0000000008000270                Default_Handler
                0x0000000008000270                CEC_IRQHandler
                0x0000000008000270                EXTI15_10_IRQHandler
                0x0000000008000270                ADC_IRQHandler
                0x0000000008000270                TIM7_IRQHandler
                0x0000000008000270                TIM5_IRQHandler
                0x0000000008000270                DMA2_Stream7_IRQHandler
                0x0000000008000270                I2C3_EV_IRQHandler
                0x0000000008000270                EXTI9_5_IRQHandler
                0x0000000008000270                RTC_WKUP_IRQHandler
                0x0000000008000270                SPDIF_RX_IRQHandler
                0x0000000008000270                OTG_HS_EP1_IN_IRQHandler
                0x0000000008000270                MemManage_Handler
                0x0000000008000270                EXTI4_IRQHandler
                0x0000000008000270                OTG_HS_EP1_OUT_IRQHandler
                0x0000000008000270                WWDG_IRQHandler
                0x0000000008000270                TIM2_IRQHandler
                0x0000000008000270                OTG_FS_WKUP_IRQHandler
                0x0000000008000270                TIM1_TRG_COM_TIM11_IRQHandler
                0x0000000008000270                OTG_HS_IRQHandler
                0x0000000008000270                EXTI1_IRQHandler
                0x0000000008000270                I2C2_ER_IRQHandler
                0x0000000008000270                DMA2_Stream1_IRQHandler
                0x0000000008000270                FLASH_IRQHandler
                0x0000000008000270                DMA2_Stream4_IRQHandler
                0x0000000008000270                BusFault_Handler
                0x0000000008000270                USART1_IRQHandler
                0x0000000008000270                OTG_FS_IRQHandler
                0x0000000008000270                I2C1_ER_IRQHandler
                0x0000000008000270                FMC_IRQHandler
                0x0000000008000270                DMA2_Stream6_IRQHandler
                0x0000000008000270                SAI1_IRQHandler
                0x0000000008000270                RTC_Alarm_IRQHandler
 *fill*         0x0000000008000272        0x2 
 .text.HAL_Init
                0x0000000008000274       0x34 Drivers/STM32F4xx_HAL_Driver/Src/stm32f4xx_hal.o
                0x0000000008000274                HAL_Init
 .text.HAL_IncTick
                0x00000000080002a8       0x10 Drivers/STM32F4xx_HAL_Driver/Src/stm32f4xx_hal.o
                0x00000000080002a8                HAL_IncTick
 .text.HAL_GetTick
                0x00000000080002b8        0xc Drivers/STM32F4xx_HAL_Driver/Src/stm32f4xx_hal.o
                0x00000000080002b8                HAL_GetTick
 .text.HAL_ADC_Init
                0x00000000080002c4      0x154 Drivers/STM32F4xx_HAL_Driver/Src/stm32f4xx_hal_adc.o
                0x00000000080002c4                HAL_ADC_Init
 .text.HAL_ADC_ConfigChannel
                0x0000000008000418      0x134 Drivers/STM32F4xx_HAL_Driver/Src/stm32f4xx_hal_adc.o
                0x0000000008000418                HAL_ADC_ConfigChannel
 .text.HAL_CAN_ConfigFilter
                0x000000000800054c       0xf4 Drivers/STM32F4xx_HAL_Driver/Src/stm32f4xx_hal_can.o
                0x000000000800054c                HAL_CAN_ConfigFilter
 .text.HAL_CAN_Transmit_IT
                0x0000000008000640       0xe0 Drivers/STM32F4xx_HAL_Driver/Src/stm32f4xx_hal_can.o
                0x0000000008000640                HAL_CAN_Transmit_IT
 .text.HAL_CAN_Receive_IT
                0x0000000008000720       0x5e Drivers/STM32F4xx_HAL_Driver/Src/stm32f4xx_hal_can.o
                0x0000000008000720                HAL_CAN_Receive_IT
 .text.CAN_Receive_IT
                0x000000000800077e       0xf4 Drivers/STM32F4xx_HAL_Driver/Src/stm32f4xx_hal_can.o
 *fill*         0x0000000008000872        0x2 
 .text.HAL_CAN_IRQHandler
                0x0000000008000874      0x168 Drivers/STM32F4xx_HAL_Driver/Src/stm32f4xx_hal_can.o
                0x0000000008000874                HAL_CAN_IRQHandler
 .text.HAL_CAN_GetError
                0x00000000080009dc        0x4 Drivers/STM32F4xx_HAL_Driver/Src/stm32f4xx_hal_can.o
                0x00000000080009dc                HAL_CAN_GetError
 .text.HAL_NVIC_SetPriorityGrouping
                0x00000000080009e0       0x24 Drivers/STM32F4xx_HAL_Driver/Src/stm32f4xx_hal_cortex.o
                0x00000000080009e0                HAL_NVIC_SetPriorityGrouping
 .text.HAL_NVIC_SetPriority
                0x0000000008000a04       0x68 Drivers/STM32F4xx_HAL_Driver/Src/stm32f4xx_hal_cortex.o
                0x0000000008000a04                HAL_NVIC_SetPriority
 .text.HAL_NVIC_EnableIRQ
                0x0000000008000a6c       0x18 Drivers/STM32F4xx_HAL_Driver/Src/stm32f4xx_hal_cortex.o
                0x0000000008000a6c                HAL_NVIC_EnableIRQ
 .text.HAL_SYSTICK_Config
                0x0000000008000a84       0x2c Drivers/STM32F4xx_HAL_Driver/Src/stm32f4xx_hal_cortex.o
                0x0000000008000a84                HAL_SYSTICK_Config
 .text.HAL_SYSTICK_CLKSourceConfig
                0x0000000008000ab0       0x18 Drivers/STM32F4xx_HAL_Driver/Src/stm32f4xx_hal_cortex.o
                0x0000000008000ab0                HAL_SYSTICK_CLKSourceConfig
 .text.DMA_CalcBaseAndBitshift
                0x0000000008000ac8       0x2c Drivers/STM32F4xx_HAL_Driver/Src/stm32f4xx_hal_dma.o
 .text.HAL_DMA_Init
                0x0000000008000af4       0xec Drivers/STM32F4xx_HAL_Driver/Src/stm32f4xx_hal_dma.o
                0x0000000008000af4                HAL_DMA_Init
 .text.HAL_DMA_Start_IT
                0x0000000008000be0       0x80 Drivers/STM32F4xx_HAL_Driver/Src/stm32f4xx_hal_dma.o
                0x0000000008000be0                HAL_DMA_Start_IT
 .text.HAL_DMA_Abort_IT
                0x0000000008000c60       0x24 Drivers/STM32F4xx_HAL_Driver/Src/stm32f4xx_hal_dma.o
                0x0000000008000c60                HAL_DMA_Abort_IT
 .text.HAL_DMA_IRQHandler
                0x0000000008000c84      0x17c Drivers/STM32F4xx_HAL_Driver/Src/stm32f4xx_hal_dma.o
                0x0000000008000c84                HAL_DMA_IRQHandler
 .text.HAL_GPIO_Init
                0x0000000008000e00      0x1b4 Drivers/STM32F4xx_HAL_Driver/Src/stm32f4xx_hal_gpio.o
                0x0000000008000e00                HAL_GPIO_Init
 .text.HAL_GPIO_WritePin
                0x0000000008000fb4        0x8 Drivers/STM32F4xx_HAL_Driver/Src/stm32f4xx_hal_gpio.o
                0x0000000008000fb4                HAL_GPIO_WritePin
 .text.HAL_RCC_ClockConfig
                0x0000000008000fbc      0x168 Drivers/STM32F4xx_HAL_Driver/Src/stm32f4xx_hal_rcc.o
                0x0000000008000fbc                HAL_RCC_ClockConfig
 .text.HAL_RCC_GetHCLKFreq
                0x0000000008001124        0xc Drivers/STM32F4xx_HAL_Driver/Src/stm32f4xx_hal_rcc.o
                0x0000000008001124                HAL_RCC_GetHCLKFreq
 .text.HAL_RCC_GetPCLK1Freq
                0x0000000008001130       0x30 Drivers/STM32F4xx_HAL_Driver/Src/stm32f4xx_hal_rcc.o
                0x0000000008001130                HAL_RCC_GetPCLK1Freq
 .text.HAL_RCC_GetPCLK2Freq
                0x0000000008001160       0x30 Drivers/STM32F4xx_HAL_Driver/Src/stm32f4xx_hal_rcc.o
                0x0000000008001160                HAL_RCC_GetPCLK2Freq
 .text.HAL_RCC_GetClockConfig
                0x0000000008001190       0x3c Drivers/STM32F4xx_HAL_Driver/Src/stm32f4xx_hal_rcc.o
                0x0000000008001190                HAL_RCC_GetClockConfig
 .text.HAL_RCC_OscConfig
                0x00000000080011cc      0x358 Drivers/STM32F4xx_HAL_Driver/Src/stm32f4xx_hal_rcc_ex.o
                0x00000000080011cc                HAL_RCC_OscConfig
 .text.HAL_RCC_GetSysClockFreq
                0x0000000008001524       0xd0 Drivers/STM32F4xx_HAL_Driver/Src/stm32f4xx_hal_rcc_ex.o
                0x0000000008001524                HAL_RCC_GetSysClockFreq
 .text.SPI_WaitFlagStateUntilTimeout
                0x00000000080015f4       0x8e Drivers/STM32F4xx_HAL_Driver/Src/stm32f4xx_hal_spi.o
 .text.SPI_CheckFlag_BSY
                0x0000000008001682       0x20 Drivers/STM32F4xx_HAL_Driver/Src/stm32f4xx_hal_spi.o
 .text.HAL_SPI_Init
                0x00000000080016a2       0x7a Drivers/STM32F4xx_HAL_Driver/Src/stm32f4xx_hal_spi.o
                0x00000000080016a2                HAL_SPI_Init
 .text.HAL_SPI_Transmit
                0x000000000800171c      0x15a Drivers/STM32F4xx_HAL_Driver/Src/stm32f4xx_hal_spi.o
                0x000000000800171c                HAL_SPI_Transmit
 .text.HAL_SPI_TransmitReceive
                0x0000000008001876      0x214 Drivers/STM32F4xx_HAL_Driver/Src/stm32f4xx_hal_spi.o
                0x0000000008001876                HAL_SPI_TransmitReceive
 *fill*         0x0000000008001a8a        0x2 
 .text.HAL_SPI_Transmit_DMA
                0x0000000008001a8c       0xac Drivers/STM32F4xx_HAL_Driver/Src/stm32f4xx_hal_spi.o
                0x0000000008001a8c                HAL_SPI_Transmit_DMA
 .text.HAL_SPI_TxHalfCpltCallback
                0x0000000008001b38        0x2 Drivers/STM32F4xx_HAL_Driver/Src/stm32f4xx_hal_spi.o
                0x0000000008001b38                HAL_SPI_TxHalfCpltCallback
 .text.SPI_DMAHalfTransmitCplt
                0x0000000008001b3a        0xa Drivers/STM32F4xx_HAL_Driver/Src/stm32f4xx_hal_spi.o
 .text.HAL_SPI_ErrorCallback
                0x0000000008001b44        0x2 Drivers/STM32F4xx_HAL_Driver/Src/stm32f4xx_hal_spi.o
                0x0000000008001b44                HAL_SPI_ErrorCallback
 .text.SPI_DMAError
                0x0000000008001b46       0x22 Drivers/STM32F4xx_HAL_Driver/Src/stm32f4xx_hal_spi.o
 .text.SPI_DMATransmitCplt
                0x0000000008001b68       0x62 Drivers/STM32F4xx_HAL_Driver/Src/stm32f4xx_hal_spi.o
 *fill*         0x0000000008001bca        0x2 
 .text.HAL_SPI_IRQHandler
                0x0000000008001bcc       0xe4 Drivers/STM32F4xx_HAL_Driver/Src/stm32f4xx_hal_spi.o
                0x0000000008001bcc                HAL_SPI_IRQHandler
 .text.SPI_DMAAbortOnError
                0x0000000008001cb0       0x10 Drivers/STM32F4xx_HAL_Driver/Src/stm32f4xx_hal_spi.o
 .text.HAL_TIM_Base_MspInit
                0x0000000008001cc0        0x2 Drivers/STM32F4xx_HAL_Driver/Src/stm32f4xx_hal_tim.o
                0x0000000008001cc0                HAL_TIM_Base_MspInit
 .text.HAL_TIM_Base_Start_IT
                0x0000000008001cc2       0x16 Drivers/STM32F4xx_HAL_Driver/Src/stm32f4xx_hal_tim.o
                0x0000000008001cc2                HAL_TIM_Base_Start_IT
 .text.HAL_TIM_OC_DelayElapsedCallback
                0x0000000008001cd8        0x2 Drivers/STM32F4xx_HAL_Driver/Src/stm32f4xx_hal_tim.o
                0x0000000008001cd8                HAL_TIM_OC_DelayElapsedCallback
 .text.HAL_TIM_IC_CaptureCallback
                0x0000000008001cda        0x2 Drivers/STM32F4xx_HAL_Driver/Src/stm32f4xx_hal_tim.o
                0x0000000008001cda                HAL_TIM_IC_CaptureCallback
 .text.HAL_TIM_PWM_PulseFinishedCallback
                0x0000000008001cdc        0x2 Drivers/STM32F4xx_HAL_Driver/Src/stm32f4xx_hal_tim.o
                0x0000000008001cdc                HAL_TIM_PWM_PulseFinishedCallback
 .text.HAL_TIM_TriggerCallback
                0x0000000008001cde        0x2 Drivers/STM32F4xx_HAL_Driver/Src/stm32f4xx_hal_tim.o
                0x0000000008001cde                HAL_TIM_TriggerCallback
 .text.HAL_TIM_IRQHandler
                0x0000000008001ce0      0x144 Drivers/STM32F4xx_HAL_Driver/Src/stm32f4xx_hal_tim.o
                0x0000000008001ce0                HAL_TIM_IRQHandler
 .text.TIM_Base_SetConfig
                0x0000000008001e24       0xc8 Drivers/STM32F4xx_HAL_Driver/Src/stm32f4xx_hal_tim.o
                0x0000000008001e24                TIM_Base_SetConfig
 .text.HAL_TIM_Base_Init
                0x0000000008001eec       0x34 Drivers/STM32F4xx_HAL_Driver/Src/stm32f4xx_hal_tim.o
                0x0000000008001eec                HAL_TIM_Base_Init
 .text.HAL_TIMEx_CommutationCallback
                0x0000000008001f20        0x2 Drivers/STM32F4xx_HAL_Driver/Src/stm32f4xx_hal_tim_ex.o
                0x0000000008001f20                HAL_TIMEx_CommutationCallback
 .text.HAL_TIMEx_BreakCallback
                0x0000000008001f22        0x2 Drivers/STM32F4xx_HAL_Driver/Src/stm32f4xx_hal_tim_ex.o
                0x0000000008001f22                HAL_TIMEx_BreakCallback
 .text.UART_EndRxTransfer
                0x0000000008001f24       0x1a Drivers/STM32F4xx_HAL_Driver/Src/stm32f4xx_hal_uart.o
 *fill*         0x0000000008001f3e        0x2 
 .text.UART_SetConfig
                0x0000000008001f40      0x23c Drivers/STM32F4xx_HAL_Driver/Src/stm32f4xx_hal_uart.o
 .text.HAL_UART_Init
                0x000000000800217c       0x5c Drivers/STM32F4xx_HAL_Driver/Src/stm32f4xx_hal_uart.o
                0x000000000800217c                HAL_UART_Init
 .text.HAL_UART_Transmit_DMA
                0x00000000080021d8       0x74 Drivers/STM32F4xx_HAL_Driver/Src/stm32f4xx_hal_uart.o
                0x00000000080021d8                HAL_UART_Transmit_DMA
 .text.HAL_UART_Receive_DMA
                0x000000000800224c       0x80 Drivers/STM32F4xx_HAL_Driver/Src/stm32f4xx_hal_uart.o
                0x000000000800224c                HAL_UART_Receive_DMA
 .text.UART_DMATransmitCplt
                0x00000000080022cc       0x2c Drivers/STM32F4xx_HAL_Driver/Src/stm32f4xx_hal_uart.o
 .text.HAL_UART_TxHalfCpltCallback
                0x00000000080022f8        0x2 Drivers/STM32F4xx_HAL_Driver/Src/stm32f4xx_hal_uart.o
                0x00000000080022f8                HAL_UART_TxHalfCpltCallback
 .text.UART_DMATxHalfCplt
                0x00000000080022fa        0xa Drivers/STM32F4xx_HAL_Driver/Src/stm32f4xx_hal_uart.o
 .text.UART_DMAReceiveCplt
                0x0000000008002304       0x38 Drivers/STM32F4xx_HAL_Driver/Src/stm32f4xx_hal_uart.o
 .text.UART_Receive_IT
                0x000000000800233c       0x78 Drivers/STM32F4xx_HAL_Driver/Src/stm32f4xx_hal_uart.o
 .text.HAL_UART_RxHalfCpltCallback
                0x00000000080023b4        0x2 Drivers/STM32F4xx_HAL_Driver/Src/stm32f4xx_hal_uart.o
                0x00000000080023b4                HAL_UART_RxHalfCpltCallback
 .text.UART_DMARxHalfCplt
                0x00000000080023b6        0xa Drivers/STM32F4xx_HAL_Driver/Src/stm32f4xx_hal_uart.o
 .text.HAL_UART_ErrorCallback
                0x00000000080023c0        0x2 Drivers/STM32F4xx_HAL_Driver/Src/stm32f4xx_hal_uart.o
                0x00000000080023c0                HAL_UART_ErrorCallback
 .text.UART_DMAError
                0x00000000080023c2       0x4e Drivers/STM32F4xx_HAL_Driver/Src/stm32f4xx_hal_uart.o
 .text.HAL_UART_IRQHandler
                0x0000000008002410      0x140 Drivers/STM32F4xx_HAL_Driver/Src/stm32f4xx_hal_uart.o
                0x0000000008002410                HAL_UART_IRQHandler
 .text.UART_DMAAbortOnError
                0x0000000008002550       0x10 Drivers/STM32F4xx_HAL_Driver/Src/stm32f4xx_hal_uart.o
 .text.HAL_UART_GetState
                0x0000000008002560        0xc Drivers/STM32F4xx_HAL_Driver/Src/stm32f4xx_hal_uart.o
                0x0000000008002560                HAL_UART_GetState
 .text.HAL_WWDG_Init
                0x000000000800256c       0x28 Drivers/STM32F4xx_HAL_Driver/Src/stm32f4xx_hal_wwdg.o
                0x000000000800256c                HAL_WWDG_Init
 .text.HAL_WWDG_Refresh
                0x0000000008002594        0xa Drivers/STM32F4xx_HAL_Driver/Src/stm32f4xx_hal_wwdg.o
                0x0000000008002594                HAL_WWDG_Refresh
 .text.osKernelStart
                0x000000000800259e        0xa Middlewares/Third_Party/FreeRTOS/Source/CMSIS_RTOS/cmsis_os.o
                0x000000000800259e                osKernelStart
 .text.osThreadCreate
                0x00000000080025a8       0x38 Middlewares/Third_Party/FreeRTOS/Source/CMSIS_RTOS/cmsis_os.o
                0x00000000080025a8                osThreadCreate
 .text.osDelay  0x00000000080025e0       0x10 Middlewares/Third_Party/FreeRTOS/Source/CMSIS_RTOS/cmsis_os.o
                0x00000000080025e0                osDelay
 .text.osTimerCreate
                0x00000000080025f0       0x20 Middlewares/Third_Party/FreeRTOS/Source/CMSIS_RTOS/cmsis_os.o
                0x00000000080025f0                osTimerCreate
 .text.osTimerStart
                0x0000000008002610       0x54 Middlewares/Third_Party/FreeRTOS/Source/CMSIS_RTOS/cmsis_os.o
                0x0000000008002610                osTimerStart
 .text.osMutexCreate
                0x0000000008002664        0x6 Middlewares/Third_Party/FreeRTOS/Source/CMSIS_RTOS/cmsis_os.o
                0x0000000008002664                osMutexCreate
 .text.osSemaphoreCreate
                0x000000000800266a       0x28 Middlewares/Third_Party/FreeRTOS/Source/CMSIS_RTOS/cmsis_os.o
                0x000000000800266a                osSemaphoreCreate
 .text.osMessageCreate
                0x0000000008002692        0x8 Middlewares/Third_Party/FreeRTOS/Source/CMSIS_RTOS/cmsis_os.o
                0x0000000008002692                osMessageCreate
 .text.osSystickHandler
                0x000000000800269a       0x14 Middlewares/Third_Party/FreeRTOS/Source/CMSIS_RTOS/cmsis_os.o
                0x000000000800269a                osSystickHandler
 .text.vListInitialise
                0x00000000080026ae       0x16 Middlewares/Third_Party/FreeRTOS/Source/list.o
                0x00000000080026ae                vListInitialise
 .text.vListInitialiseItem
                0x00000000080026c4        0x6 Middlewares/Third_Party/FreeRTOS/Source/list.o
                0x00000000080026c4                vListInitialiseItem
 .text.vListInsertEnd
                0x00000000080026ca       0x18 Middlewares/Third_Party/FreeRTOS/Source/list.o
                0x00000000080026ca                vListInsertEnd
 .text.vListInsert
                0x00000000080026e2       0x30 Middlewares/Third_Party/FreeRTOS/Source/list.o
                0x00000000080026e2                vListInsert
 .text.uxListRemove
                0x0000000008002712       0x20 Middlewares/Third_Party/FreeRTOS/Source/list.o
                0x0000000008002712                uxListRemove
 .text.unlikely.prvCopyDataToQueue
                0x0000000008002732       0x6a Middlewares/Third_Party/FreeRTOS/Source/queue.o
 .text.unlikely.prvCopyDataFromQueue
                0x000000000800279c       0x2a Middlewares/Third_Party/FreeRTOS/Source/queue.o
 .text.prvUnlockQueue
                0x00000000080027c6       0x68 Middlewares/Third_Party/FreeRTOS/Source/queue.o
 *fill*         0x000000000800282e        0x2 
 .text.xQueueGenericReset
                0x0000000008002830       0x80 Middlewares/Third_Party/FreeRTOS/Source/queue.o
                0x0000000008002830                xQueueGenericReset
 .text.xQueueGenericCreate
                0x00000000080028b0       0x5e Middlewares/Third_Party/FreeRTOS/Source/queue.o
                0x00000000080028b0                xQueueGenericCreate
 *fill*         0x000000000800290e        0x2 
 .text.xQueueGenericSend
                0x0000000008002910      0x164 Middlewares/Third_Party/FreeRTOS/Source/queue.o
                0x0000000008002910                xQueueGenericSend
 .text.xQueueCreateMutex
                0x0000000008002a74       0x44 Middlewares/Third_Party/FreeRTOS/Source/queue.o
                0x0000000008002a74                xQueueCreateMutex
 .text.xQueueGenericSendFromISR
                0x0000000008002ab8       0xb8 Middlewares/Third_Party/FreeRTOS/Source/queue.o
                0x0000000008002ab8                xQueueGenericSendFromISR
 .text.xQueueGenericReceive
                0x0000000008002b70      0x16c Middlewares/Third_Party/FreeRTOS/Source/queue.o
                0x0000000008002b70                xQueueGenericReceive
 .text.xQueueReceiveFromISR
                0x0000000008002cdc       0x88 Middlewares/Third_Party/FreeRTOS/Source/queue.o
                0x0000000008002cdc                xQueueReceiveFromISR
 .text.uxQueueMessagesWaiting
                0x0000000008002d64       0x26 Middlewares/Third_Party/FreeRTOS/Source/queue.o
                0x0000000008002d64                uxQueueMessagesWaiting
 .text.uxQueueMessagesWaitingFromISR
                0x0000000008002d8a       0x18 Middlewares/Third_Party/FreeRTOS/Source/queue.o
                0x0000000008002d8a                uxQueueMessagesWaitingFromISR
 *fill*         0x0000000008002da2        0x2 
 .text.vQueueAddToRegistry
                0x0000000008002da4       0x28 Middlewares/Third_Party/FreeRTOS/Source/queue.o
                0x0000000008002da4                vQueueAddToRegistry
 .text.vQueueWaitForMessageRestricted
                0x0000000008002dcc       0x3e Middlewares/Third_Party/FreeRTOS/Source/queue.o
                0x0000000008002dcc                vQueueWaitForMessageRestricted
 *fill*         0x0000000008002e0a        0x2 
 .text.prvResetNextTaskUnblockTime
                0x0000000008002e0c       0x20 Middlewares/Third_Party/FreeRTOS/Source/tasks.o
 .text.prvAddCurrentTaskToDelayedList
                0x0000000008002e2c       0x38 Middlewares/Third_Party/FreeRTOS/Source/tasks.o
 .text.xTaskGenericCreate.part.4
                0x0000000008002e64      0x19c Middlewares/Third_Party/FreeRTOS/Source/tasks.o
 .text.vTaskSetTimeOutState.part.5
                0x0000000008003000       0x12 Middlewares/Third_Party/FreeRTOS/Source/tasks.o
 .text.xTaskGenericCreate
                0x0000000008003012       0x3c Middlewares/Third_Party/FreeRTOS/Source/tasks.o
                0x0000000008003012                xTaskGenericCreate
 *fill*         0x000000000800304e        0x2 
 .text.vTaskStartScheduler
                0x0000000008003050       0x70 Middlewares/Third_Party/FreeRTOS/Source/tasks.o
                0x0000000008003050                vTaskStartScheduler
 .text.vTaskSuspendAll
                0x00000000080030c0       0x14 Middlewares/Third_Party/FreeRTOS/Source/tasks.o
                0x00000000080030c0                vTaskSuspendAll
 .text.xTaskGetTickCount
                0x00000000080030d4        0xc Middlewares/Third_Party/FreeRTOS/Source/tasks.o
                0x00000000080030d4                xTaskGetTickCount
 .text.xTaskIncrementTick
                0x00000000080030e0       0xf4 Middlewares/Third_Party/FreeRTOS/Source/tasks.o
                0x00000000080030e0                xTaskIncrementTick
 .text.xTaskResumeAll
                0x00000000080031d4       0xe8 Middlewares/Third_Party/FreeRTOS/Source/tasks.o
                0x00000000080031d4                xTaskResumeAll
 .text.vTaskDelay
                0x00000000080032bc       0x70 Middlewares/Third_Party/FreeRTOS/Source/tasks.o
                0x00000000080032bc                vTaskDelay
 .text.prvIdleTask
                0x000000000800332c       0x70 Middlewares/Third_Party/FreeRTOS/Source/tasks.o
 .text.vTaskSwitchContext
                0x000000000800339c       0x98 Middlewares/Third_Party/FreeRTOS/Source/tasks.o
                0x000000000800339c                vTaskSwitchContext
 .text.vTaskPlaceOnEventList
                0x0000000008003434       0x68 Middlewares/Third_Party/FreeRTOS/Source/tasks.o
                0x0000000008003434                vTaskPlaceOnEventList
 .text.vTaskPlaceOnEventListRestricted
                0x000000000800349c       0x6c Middlewares/Third_Party/FreeRTOS/Source/tasks.o
                0x000000000800349c                vTaskPlaceOnEventListRestricted
 .text.xTaskRemoveFromEventList
                0x0000000008003508       0x78 Middlewares/Third_Party/FreeRTOS/Source/tasks.o
                0x0000000008003508                xTaskRemoveFromEventList
 .text.vTaskSetTimeOutState
                0x0000000008003580       0x1c Middlewares/Third_Party/FreeRTOS/Source/tasks.o
                0x0000000008003580                vTaskSetTimeOutState
 .text.xTaskCheckForTimeOut
                0x000000000800359c       0x70 Middlewares/Third_Party/FreeRTOS/Source/tasks.o
                0x000000000800359c                xTaskCheckForTimeOut
 .text.vTaskMissedYield
                0x000000000800360c       0x10 Middlewares/Third_Party/FreeRTOS/Source/tasks.o
                0x000000000800360c                vTaskMissedYield
 .text.xTaskGetSchedulerState
                0x000000000800361c       0x20 Middlewares/Third_Party/FreeRTOS/Source/tasks.o
                0x000000000800361c                xTaskGetSchedulerState
 .text.vTaskPriorityInherit
                0x000000000800363c       0x94 Middlewares/Third_Party/FreeRTOS/Source/tasks.o
                0x000000000800363c                vTaskPriorityInherit
 .text.xTaskPriorityDisinherit
                0x00000000080036d0       0xa4 Middlewares/Third_Party/FreeRTOS/Source/tasks.o
                0x00000000080036d0                xTaskPriorityDisinherit
 .text.pvTaskIncrementMutexHeldCount
                0x0000000008003774       0x18 Middlewares/Third_Party/FreeRTOS/Source/tasks.o
                0x0000000008003774                pvTaskIncrementMutexHeldCount
 .text.prvInsertTimerInActiveList
                0x000000000800378c       0x38 Middlewares/Third_Party/FreeRTOS/Source/timers.o
 .text.xTimerGenericCommand.part.2
                0x00000000080037c4       0x12 Middlewares/Third_Party/FreeRTOS/Source/timers.o
 *fill*         0x00000000080037d6        0x2 
 .text.prvCheckForValidListAndQueue
                0x00000000080037d8       0x4c Middlewares/Third_Party/FreeRTOS/Source/timers.o
 .text.xTimerCreateTimerTask
                0x0000000008003824       0x4c Middlewares/Third_Party/FreeRTOS/Source/timers.o
                0x0000000008003824                xTimerCreateTimerTask
 .text.xTimerCreate
                0x0000000008003870       0x4a Middlewares/Third_Party/FreeRTOS/Source/timers.o
                0x0000000008003870                xTimerCreate
 *fill*         0x00000000080038ba        0x2 
 .text.xTimerGenericCommand
                0x00000000080038bc       0x4c Middlewares/Third_Party/FreeRTOS/Source/timers.o
                0x00000000080038bc                xTimerGenericCommand
 .text.prvSwitchTimerLists
                0x0000000008003908       0x7c Middlewares/Third_Party/FreeRTOS/Source/timers.o
 .text.prvTimerTask
                0x0000000008003984      0x19c Middlewares/Third_Party/FreeRTOS/Source/timers.o
 .text.prvTaskExitError
                0x0000000008003b20       0x30 Middlewares/Third_Party/FreeRTOS/Source/portable/GCC/ARM_CM4F/port.o
 .text.prvPortStartFirstTask
                0x0000000008003b50       0x20 Middlewares/Third_Party/FreeRTOS/Source/portable/GCC/ARM_CM4F/port.o
 .text.vPortEnableVFP
                0x0000000008003b70       0x14 Middlewares/Third_Party/FreeRTOS/Source/portable/GCC/ARM_CM4F/port.o
 .text.pxPortInitialiseStack
                0x0000000008003b84       0x24 Middlewares/Third_Party/FreeRTOS/Source/portable/GCC/ARM_CM4F/port.o
                0x0000000008003b84                pxPortInitialiseStack
 .text.SVC_Handler
                0x0000000008003ba8       0x20 Middlewares/Third_Party/FreeRTOS/Source/portable/GCC/ARM_CM4F/port.o
                0x0000000008003ba8                SVC_Handler
 .text.vPortEnterCritical
                0x0000000008003bc8       0x44 Middlewares/Third_Party/FreeRTOS/Source/portable/GCC/ARM_CM4F/port.o
                0x0000000008003bc8                vPortEnterCritical
 .text.vPortExitCritical
                0x0000000008003c0c       0x28 Middlewares/Third_Party/FreeRTOS/Source/portable/GCC/ARM_CM4F/port.o
                0x0000000008003c0c                vPortExitCritical
 .text.PendSV_Handler
                0x0000000008003c34       0x60 Middlewares/Third_Party/FreeRTOS/Source/portable/GCC/ARM_CM4F/port.o
                0x0000000008003c34                PendSV_Handler
 .text.xPortSysTickHandler
                0x0000000008003c94       0x30 Middlewares/Third_Party/FreeRTOS/Source/portable/GCC/ARM_CM4F/port.o
                0x0000000008003c94                xPortSysTickHandler
 .text.vPortSetupTimerInterrupt
                0x0000000008003cc4       0x28 Middlewares/Third_Party/FreeRTOS/Source/portable/GCC/ARM_CM4F/port.o
                0x0000000008003cc4                vPortSetupTimerInterrupt
 .text.xPortStartScheduler
                0x0000000008003cec       0xe4 Middlewares/Third_Party/FreeRTOS/Source/portable/GCC/ARM_CM4F/port.o
                0x0000000008003cec                xPortStartScheduler
 .text.vPortValidateInterruptPriority
                0x0000000008003dd0       0x54 Middlewares/Third_Party/FreeRTOS/Source/portable/GCC/ARM_CM4F/port.o
                0x0000000008003dd0                vPortValidateInterruptPriority
 .text.unlikely.prvInsertBlockIntoFreeList
                0x0000000008003e24       0x44 Middlewares/Third_Party/FreeRTOS/Source/portable/MemMang/heap_4.o
 .text.pvPortMalloc
                0x0000000008003e68      0x128 Middlewares/Third_Party/FreeRTOS/Source/portable/MemMang/heap_4.o
                0x0000000008003e68                pvPortMalloc
 .text.vPortFree
                0x0000000008003f90       0x70 Middlewares/Third_Party/FreeRTOS/Source/portable/MemMang/heap_4.o
                0x0000000008003f90                vPortFree
 .text.Can_Processor
                0x0000000008004000       0x44 Src/Can_Processor.o
                0x0000000008004000                Can_Processor
 .text.empty    0x0000000008004044        0x2 Src/can.o
 *fill*         0x0000000008004046        0x2 
 .text.bxCan_begin
                0x0000000008004048       0x2c Src/can.o
                0x0000000008004048                bxCan_begin
 .text.bxCan_addMaskedFilterStd
                0x0000000008004074      0x134 Src/can.o
                0x0000000008004074                bxCan_addMaskedFilterStd
 .text.bxCan_addMaskedFilterExt
                0x00000000080041a8       0xa4 Src/can.o
                0x00000000080041a8                bxCan_addMaskedFilterExt
 .text.bxCan_getFilterNum
                0x000000000800424c       0x2c Src/can.o
                0x000000000800424c                bxCan_getFilterNum
 .text.Can_availableForTx
                0x0000000008004278       0x20 Src/can.o
                0x0000000008004278                Can_availableForTx
 .text.bxCanDoTx
                0x0000000008004298       0xbc Src/can.o
                0x0000000008004298                bxCanDoTx
 .text.bxCan_sendFrame
                0x0000000008004354       0x28 Src/can.o
                0x0000000008004354                bxCan_sendFrame
 .text.HAL_CAN_TxCpltCallback
                0x000000000800437c       0x20 Src/can.o
                0x000000000800437c                HAL_CAN_TxCpltCallback
 .text.HAL_CAN_RxCpltCallback
                0x000000000800439c       0x78 Src/can.o
                0x000000000800439c                HAL_CAN_RxCpltCallback
 .text.HAL_CAN_ErrorCallback
                0x0000000008004414       0x18 Src/can.o
                0x0000000008004414                HAL_CAN_ErrorCallback
 .text.vApplicationStackOverflowHook
                0x000000000800442c        0x2 Src/freertos.o
                0x000000000800442c                vApplicationStackOverflowHook
 .text.vApplicationMallocFailedHook
                0x000000000800442e        0x2 Src/freertos.o
                0x000000000800442e                vApplicationMallocFailedHook
 .text.doApplication
                0x0000000008004430        0xa Src/main.o
                0x0000000008004430                doApplication
 .text.doTMT    0x000000000800443a        0xc Src/main.o
                0x000000000800443a                doTMT
 .text.doProcessCan
                0x0000000008004446        0x8 Src/main.o
                0x0000000008004446                doProcessCan
 *fill*         0x000000000800444e        0x2 
 .text.doRT     0x0000000008004450       0x60 Src/main.o
                0x0000000008004450                doRT
 .text.TmrKickDog
                0x00000000080044b0       0x18 Src/main.o
                0x00000000080044b0                TmrKickDog
 .text.TmrSendHB
                0x00000000080044c8       0x38 Src/main.o
                0x00000000080044c8                TmrSendHB
 .text.doSMT    0x0000000008004500        0xc Src/main.o
                0x0000000008004500                doSMT
 .text.HAL_SPI_TxCpltCallback
                0x000000000800450c       0x30 Src/main.o
                0x000000000800450c                HAL_SPI_TxCpltCallback
 .text.EM_Init  0x000000000800453c       0x64 Src/main.o
                0x000000000800453c                EM_Init
 .text.SystemClock_Config
                0x00000000080045a0       0xac Src/main.o
                0x00000000080045a0                SystemClock_Config
 .text.startup.main
                0x000000000800464c      0x4fc Src/main.o
                0x000000000800464c                main
 .text.HAL_TIM_PeriodElapsedCallback
                0x0000000008004b48       0x14 Src/main.o
                0x0000000008004b48                HAL_TIM_PeriodElapsedCallback
 .text.Error_Handler
                0x0000000008004b5c        0x2 Src/main.o
                0x0000000008004b5c                Error_Handler
 *fill*         0x0000000008004b5e        0x2 
 .text._mcp3909_SPI_WriteReg
                0x0000000008004b60       0x3c Src/mcp3909.o
                0x0000000008004b60                _mcp3909_SPI_WriteReg
 .text.mcp3909_SPI_WriteRegSync
                0x0000000008004b9c       0x5c Src/mcp3909.o
                0x0000000008004b9c                mcp3909_SPI_WriteRegSync
 .text.mcp3909_SPI_ReadRegSync
                0x0000000008004bf8       0xd0 Src/mcp3909.o
                0x0000000008004bf8                mcp3909_SPI_ReadRegSync
 .text.mcp3909_sleep
                0x0000000008004cc8       0x38 Src/mcp3909.o
                0x0000000008004cc8                mcp3909_sleep
 .text.mcp3909_wakeup
                0x0000000008004d00       0x50 Src/mcp3909.o
                0x0000000008004d00                mcp3909_wakeup
 .text.bytesToReg
                0x0000000008004d50       0x12 Src/mcp3909.o
                0x0000000008004d50                bytesToReg
 .text.mcp3909_verify
                0x0000000008004d62       0x74 Src/mcp3909.o
                0x0000000008004d62                mcp3909_verify
 .text.regToBytes
                0x0000000008004dd6       0x10 Src/mcp3909.o
                0x0000000008004dd6                regToBytes
 .text.mcp3909_init
                0x0000000008004de6      0x132 Src/mcp3909.o
                0x0000000008004de6                mcp3909_init
 .text.mcp3909_parseChannelData
                0x0000000008004f18       0x20 Src/mcp3909.o
                0x0000000008004f18                mcp3909_parseChannelData
 .text.NVIC_SystemReset
                0x0000000008004f38       0x24 Src/nodeMiscHelpers.o
 .text.getSelfState
                0x0000000008004f5c       0x34 Src/nodeMiscHelpers.o
                0x0000000008004f5c                getSelfState
 .text.soft_shutdown
                0x0000000008004f90       0x44 Src/nodeMiscHelpers.o
                0x0000000008004f90                soft_shutdown
 .text.executeCommand
                0x0000000008004fd4       0xb8 Src/nodeMiscHelpers.o
                0x0000000008004fd4                executeCommand
 .text.doTx.isra.0
                0x000000000800508c       0x88 Src/serial.o
 .text.Serial2_begin
                0x0000000008005114       0x14 Src/serial.o
                0x0000000008005114                Serial2_begin
 .text.HAL_UART_RxCpltCallback
                0x0000000008005128       0x18 Src/serial.o
                0x0000000008005128                HAL_UART_RxCpltCallback
 .text.Serial2_availableForWrite
                0x0000000008005140       0x18 Src/serial.o
                0x0000000008005140                Serial2_availableForWrite
 .text.HAL_UART_TxCpltCallback
                0x0000000008005158       0x14 Src/serial.o
                0x0000000008005158                HAL_UART_TxCpltCallback
 .text.Serial2_writeBytes
                0x000000000800516c       0x7c Src/serial.o
                0x000000000800516c                Serial2_writeBytes
 .text.HAL_MspInit
                0x00000000080051e8       0x60 Src/stm32f4xx_hal_msp.o
                0x00000000080051e8                HAL_MspInit
 .text.HAL_ADC_MspInit
                0x0000000008005248       0x98 Src/stm32f4xx_hal_msp.o
                0x0000000008005248                HAL_ADC_MspInit
 .text.HAL_SPI_MspInit
                0x00000000080052e0      0x1d0 Src/stm32f4xx_hal_msp.o
                0x00000000080052e0                HAL_SPI_MspInit
 .text.HAL_UART_MspInit
                0x00000000080054b0       0xe0 Src/stm32f4xx_hal_msp.o
                0x00000000080054b0                HAL_UART_MspInit
 .text.HAL_WWDG_MspInit
                0x0000000008005590       0x30 Src/stm32f4xx_hal_msp.o
                0x0000000008005590                HAL_WWDG_MspInit
 .text.HAL_InitTick
                0x00000000080055c0       0x7c Src/stm32f4xx_hal_timebase_TIM.o
                0x00000000080055c0                HAL_InitTick
 .text.SysTick_Handler
                0x000000000800563c        0x4 Src/stm32f4xx_it.o
                0x000000000800563c                SysTick_Handler
 .text.DMA1_Stream0_IRQHandler
                0x0000000008005640        0xc Src/stm32f4xx_it.o
                0x0000000008005640                DMA1_Stream0_IRQHandler
 .text.DMA1_Stream3_IRQHandler
                0x000000000800564c        0xc Src/stm32f4xx_it.o
                0x000000000800564c                DMA1_Stream3_IRQHandler
 .text.DMA1_Stream4_IRQHandler
                0x0000000008005658        0xc Src/stm32f4xx_it.o
                0x0000000008005658                DMA1_Stream4_IRQHandler
 .text.DMA1_Stream5_IRQHandler
                0x0000000008005664        0xc Src/stm32f4xx_it.o
                0x0000000008005664                DMA1_Stream5_IRQHandler
 .text.DMA1_Stream6_IRQHandler
                0x0000000008005670        0xc Src/stm32f4xx_it.o
                0x0000000008005670                DMA1_Stream6_IRQHandler
 .text.CAN1_SCE_IRQHandler
                0x000000000800567c        0xc Src/stm32f4xx_it.o
                0x000000000800567c                CAN1_SCE_IRQHandler
 .text.CAN1_RX1_IRQHandler
                0x0000000008005688        0x4 Src/stm32f4xx_it.o
                0x0000000008005688                CAN1_RX1_IRQHandler
 .text.CAN1_RX0_IRQHandler
                0x000000000800568c        0x4 Src/stm32f4xx_it.o
                0x000000000800568c                CAN1_RX0_IRQHandler
 .text.CAN1_TX_IRQHandler
                0x0000000008005690        0x4 Src/stm32f4xx_it.o
                0x0000000008005690                CAN1_TX_IRQHandler
 .text.SPI2_IRQHandler
                0x0000000008005694        0xc Src/stm32f4xx_it.o
                0x0000000008005694                SPI2_IRQHandler
 .text.USART2_IRQHandler
                0x00000000080056a0        0xc Src/stm32f4xx_it.o
                0x00000000080056a0                USART2_IRQHandler
 .text.DMA1_Stream7_IRQHandler
                0x00000000080056ac        0xc Src/stm32f4xx_it.o
                0x00000000080056ac                DMA1_Stream7_IRQHandler
 .text.SPI3_IRQHandler
                0x00000000080056b8        0xc Src/stm32f4xx_it.o
                0x00000000080056b8                SPI3_IRQHandler
 .text.TIM6_DAC_IRQHandler
                0x00000000080056c4        0xc Src/stm32f4xx_it.o
                0x00000000080056c4                TIM6_DAC_IRQHandler
 .text.DMA2_Stream0_IRQHandler
                0x00000000080056d0        0xc Src/stm32f4xx_it.o
                0x00000000080056d0                DMA2_Stream0_IRQHandler
 .text.CAN2_SCE_IRQHandler
                0x00000000080056dc        0xc Src/stm32f4xx_it.o
                0x00000000080056dc                CAN2_SCE_IRQHandler
 .text.CAN2_RX1_IRQHandler
                0x00000000080056e8        0x4 Src/stm32f4xx_it.o
                0x00000000080056e8                CAN2_RX1_IRQHandler
 .text.CAN2_RX0_IRQHandler
                0x00000000080056ec        0x4 Src/stm32f4xx_it.o
                0x00000000080056ec                CAN2_RX0_IRQHandler
 .text.CAN2_TX_IRQHandler
                0x00000000080056f0        0x4 Src/stm32f4xx_it.o
                0x00000000080056f0                CAN2_TX_IRQHandler
 .text.SystemInit
                0x00000000080056f4       0x4c Src/system_stm32f4xx.o
                0x00000000080056f4                SystemInit
 .text.__libc_init_array
                0x0000000008005740       0x4c /Applications/Ac6/SystemWorkbench.app/Contents/Eclipse/plugins/fr.ac6.mcu.externaltools.arm-none.macos64_1.12.0.201611241417/tools/compiler/bin/../lib/gcc/arm-none-eabi/5.4.1/../../../../arm-none-eabi/lib/armv7e-m/fpu/libc_nano.a(lib_a-init.o)
                0x0000000008005740                __libc_init_array
 .text.memcpy   0x000000000800578c       0x16 /Applications/Ac6/SystemWorkbench.app/Contents/Eclipse/plugins/fr.ac6.mcu.externaltools.arm-none.macos64_1.12.0.201611241417/tools/compiler/bin/../lib/gcc/arm-none-eabi/5.4.1/../../../../arm-none-eabi/lib/armv7e-m/fpu/libc_nano.a(lib_a-memcpy-stub.o)
                0x000000000800578c                memcpy
 .text.memset   0x00000000080057a2       0x10 /Applications/Ac6/SystemWorkbench.app/Contents/Eclipse/plugins/fr.ac6.mcu.externaltools.arm-none.macos64_1.12.0.201611241417/tools/compiler/bin/../lib/gcc/arm-none-eabi/5.4.1/../../../../arm-none-eabi/lib/armv7e-m/fpu/libc_nano.a(lib_a-memset.o)
                0x00000000080057a2                memset
 *(.glue_7)
 .glue_7        0x00000000080057b2        0x0 linker stubs
 *(.glue_7t)
 .glue_7t       0x00000000080057b2        0x0 linker stubs
 *(.eh_frame)
 *fill*         0x00000000080057b2        0x2 
 .eh_frame      0x00000000080057b4        0x0 /Applications/Ac6/SystemWorkbench.app/Contents/Eclipse/plugins/fr.ac6.mcu.externaltools.arm-none.macos64_1.12.0.201611241417/tools/compiler/bin/../lib/gcc/arm-none-eabi/5.4.1/armv7e-m/fpu/crtbegin.o
 *(.init)
 .init          0x00000000080057b4        0x4 /Applications/Ac6/SystemWorkbench.app/Contents/Eclipse/plugins/fr.ac6.mcu.externaltools.arm-none.macos64_1.12.0.201611241417/tools/compiler/bin/../lib/gcc/arm-none-eabi/5.4.1/armv7e-m/fpu/crti.o
                0x00000000080057b4                _init
 .init          0x00000000080057b8        0x8 /Applications/Ac6/SystemWorkbench.app/Contents/Eclipse/plugins/fr.ac6.mcu.externaltools.arm-none.macos64_1.12.0.201611241417/tools/compiler/bin/../lib/gcc/arm-none-eabi/5.4.1/armv7e-m/fpu/crtn.o
 *(.fini)
 .fini          0x00000000080057c0        0x4 /Applications/Ac6/SystemWorkbench.app/Contents/Eclipse/plugins/fr.ac6.mcu.externaltools.arm-none.macos64_1.12.0.201611241417/tools/compiler/bin/../lib/gcc/arm-none-eabi/5.4.1/armv7e-m/fpu/crti.o
                0x00000000080057c0                _fini
 .fini          0x00000000080057c4        0x8 /Applications/Ac6/SystemWorkbench.app/Contents/Eclipse/plugins/fr.ac6.mcu.externaltools.arm-none.macos64_1.12.0.201611241417/tools/compiler/bin/../lib/gcc/arm-none-eabi/5.4.1/armv7e-m/fpu/crtn.o
                0x00000000080057cc                . = ALIGN (0x4)
                0x00000000080057cc                _etext = .

.vfp11_veneer   0x00000000080057cc        0x0
 .vfp11_veneer  0x00000000080057cc        0x0 linker stubs

.v4_bx          0x00000000080057cc        0x0
 .v4_bx         0x00000000080057cc        0x0 linker stubs

.iplt           0x00000000080057cc        0x0
 .iplt          0x00000000080057cc        0x0 /Applications/Ac6/SystemWorkbench.app/Contents/Eclipse/plugins/fr.ac6.mcu.externaltools.arm-none.macos64_1.12.0.201611241417/tools/compiler/bin/../lib/gcc/arm-none-eabi/5.4.1/armv7e-m/fpu/crtbegin.o

.rodata         0x00000000080057cc       0xd4
                0x00000000080057cc                . = ALIGN (0x4)
 *(.rodata)
 .rodata        0x00000000080057cc        0x8 Drivers/STM32F4xx_HAL_Driver/Src/stm32f4xx_hal_dma.o
 .rodata        0x00000000080057d4       0x10 Drivers/STM32F4xx_HAL_Driver/Src/stm32f4xx_hal_rcc.o
                0x00000000080057d4                APBAHBPrescTable
 .rodata        0x00000000080057e4       0x7c Src/main.o
                0x0000000008005858                selfNodeID
                0x000000000800585c                firmwareString
 *(.rodata*)
 .rodata.str1.1
                0x0000000008005860        0x0 Middlewares/Third_Party/FreeRTOS/Source/CMSIS_RTOS/cmsis_os.o
                                          0x1 (size before relaxing)
 .rodata.str1.1
                0x0000000008005860        0x5 Middlewares/Third_Party/FreeRTOS/Source/tasks.o
 .rodata.str1.1
                0x0000000008005865        0xd Middlewares/Third_Party/FreeRTOS/Source/timers.o
 .rodata.str1.1
                0x0000000008005872       0x2d Src/main.o
                0x00000000080058a0                . = ALIGN (0x4)
 *fill*         0x000000000800589f        0x1 

.rel.dyn        0x00000000080058a0        0x0
 .rel.iplt      0x00000000080058a0        0x0 /Applications/Ac6/SystemWorkbench.app/Contents/Eclipse/plugins/fr.ac6.mcu.externaltools.arm-none.macos64_1.12.0.201611241417/tools/compiler/bin/../lib/gcc/arm-none-eabi/5.4.1/armv7e-m/fpu/crtbegin.o

.ARM.extab
 *(.ARM.extab* .gnu.linkonce.armextab.*)

.ARM            0x00000000080058a0        0x0
                0x00000000080058a0                __exidx_start = .
 *(.ARM.exidx*)
                0x00000000080058a0                __exidx_end = .

.preinit_array  0x00000000080058a0        0x0
                0x00000000080058a0                PROVIDE (__preinit_array_start, .)
 *(.preinit_array*)
                0x00000000080058a0                PROVIDE (__preinit_array_end, .)

.init_array     0x00000000080058a0        0x4
                0x00000000080058a0                PROVIDE (__init_array_start, .)
 *(SORT(.init_array.*))
 *(.init_array*)
 .init_array    0x00000000080058a0        0x4 /Applications/Ac6/SystemWorkbench.app/Contents/Eclipse/plugins/fr.ac6.mcu.externaltools.arm-none.macos64_1.12.0.201611241417/tools/compiler/bin/../lib/gcc/arm-none-eabi/5.4.1/armv7e-m/fpu/crtbegin.o
                0x00000000080058a4                PROVIDE (__init_array_end, .)

.fini_array     0x00000000080058a4        0x4
                [!provide]                        PROVIDE (__fini_array_start, .)
 *(SORT(.fini_array.*))
 *(.fini_array*)
 .fini_array    0x00000000080058a4        0x4 /Applications/Ac6/SystemWorkbench.app/Contents/Eclipse/plugins/fr.ac6.mcu.externaltools.arm-none.macos64_1.12.0.201611241417/tools/compiler/bin/../lib/gcc/arm-none-eabi/5.4.1/armv7e-m/fpu/crtbegin.o
                [!provide]                        PROVIDE (__fini_array_end, .)
                0x00000000080058a8                _sidata = LOADADDR (.data)

.data           0x0000000020000000       0x24 load address 0x00000000080058a8
                0x0000000020000000                . = ALIGN (0x4)
                0x0000000020000000                _sdata = .
 *(.data)
 .data          0x0000000020000000        0x4 Middlewares/Third_Party/FreeRTOS/Source/portable/GCC/ARM_CM4F/port.o
 .data          0x0000000020000004        0x1 Src/can.o
 .data          0x0000000020000005        0xd Src/main.o
 *fill*         0x0000000020000012        0x2 
 .data          0x0000000020000014        0xc Src/serial.o
 .data          0x0000000020000020        0x4 Src/system_stm32f4xx.o
                0x0000000020000020                SystemCoreClock
 *(.data*)
                0x0000000020000024                . = ALIGN (0x4)
                0x0000000020000024                _edata = .

.jcr            0x0000000020000024        0x0 load address 0x00000000080058cc
 .jcr           0x0000000020000024        0x0 /Applications/Ac6/SystemWorkbench.app/Contents/Eclipse/plugins/fr.ac6.mcu.externaltools.arm-none.macos64_1.12.0.201611241417/tools/compiler/bin/../lib/gcc/arm-none-eabi/5.4.1/armv7e-m/fpu/crtbegin.o

.igot.plt       0x0000000020000024        0x0 load address 0x00000000080058cc
 .igot.plt      0x0000000020000024        0x0 /Applications/Ac6/SystemWorkbench.app/Contents/Eclipse/plugins/fr.ac6.mcu.externaltools.arm-none.macos64_1.12.0.201611241417/tools/compiler/bin/../lib/gcc/arm-none-eabi/5.4.1/armv7e-m/fpu/crtbegin.o
                0x0000000020000024                . = ALIGN (0x4)

.bss            0x0000000020000024    0x10c7c load address 0x00000000080058cc
                0x0000000020000024                _sbss = .
                0x0000000020000024                __bss_start__ = _sbss
 *(.bss)
 .bss           0x0000000020000024       0x1c /Applications/Ac6/SystemWorkbench.app/Contents/Eclipse/plugins/fr.ac6.mcu.externaltools.arm-none.macos64_1.12.0.201611241417/tools/compiler/bin/../lib/gcc/arm-none-eabi/5.4.1/armv7e-m/fpu/crtbegin.o
 .bss           0x0000000020000040      0x114 Middlewares/Third_Party/FreeRTOS/Source/tasks.o
                0x0000000020000048                pxCurrentTCB
 .bss           0x0000000020000154       0x38 Middlewares/Third_Party/FreeRTOS/Source/timers.o
 .bss           0x000000002000018c        0x8 Middlewares/Third_Party/FreeRTOS/Source/portable/GCC/ARM_CM4F/port.o
 .bss           0x0000000020000194    0x10018 Middlewares/Third_Party/FreeRTOS/Source/portable/MemMang/heap_4.o
 .bss           0x00000000200101ac       0x14 Src/Can_Processor.o
 .bss           0x00000000200101c0      0x2cc Src/can.o
 .bss           0x000000002001048c       0x18 Src/main.o
                0x000000002001048c                selfStatusWord
 .bss           0x00000000200104a4       0x87 Src/serial.o
 *(.bss*)
 *(COMMON)
 *fill*         0x000000002001052b        0x1 
 COMMON         0x000000002001052c        0x4 Drivers/STM32F4xx_HAL_Driver/Src/stm32f4xx_hal.o
                0x000000002001052c                uwTick
 COMMON         0x0000000020010530       0x40 Middlewares/Third_Party/FreeRTOS/Source/queue.o
                0x0000000020010530                xQueueRegistry
 COMMON         0x0000000020010570       0xc0 Src/Can_Processor.o
                0x0000000020010570                Serial2_buffer
                0x00000000200105b0                Serial2_writeStr_Buf
 COMMON         0x0000000020010630      0x634 Src/main.o
                0x0000000020010630                Can_ProcessorHandle
                0x0000000020010634                hdma_usart2_rx
                0x0000000020010694                hspi2
                0x00000000200106ec                mcpRxBuf
                0x000000002001070d                mcpTxBuf
                0x0000000020010730                RTHandle
                0x0000000020010734                mainCanRxQHandle
                0x0000000020010738                hdma_spi2_rx
                0x0000000020010798                TMTHandle
                0x000000002001079c                SMTHandle
                0x00000000200107a0                hmcp1
                0x0000000020010804                hspi3
                0x000000002001085c                hdma_spi3_tx
                0x00000000200108bc                bmsTRxCompleteHandle
                0x00000000200108c0                hadc1
                0x0000000020010908                hcan2
                0x0000000020010948                hdma_usart2_tx
                0x00000000200109a8                ApplicationHandle
                0x00000000200109ac                mainCanTxQHandle
                0x00000000200109b0                hdma_adc1
                0x0000000020010a10                hwwdg
                0x0000000020010a24                mcp3909_DRHandle
                0x0000000020010a28                WWDGTmrHandle
                0x0000000020010a2c                swMtxHandle
                0x0000000020010a30                huart2
                0x0000000020010a70                mcp3909_RXHandle
                0x0000000020010a74                hcan1
                0x0000000020010ab4                hdma_spi2_tx
                0x0000000020010b14                hbms1
                0x0000000020010c00                hdma_spi3_rx
                0x0000000020010c60                HBTmrHandle
 COMMON         0x0000000020010c64       0x3c Src/stm32f4xx_hal_timebase_TIM.o
                0x0000000020010c64                htim6
                0x0000000020010ca0                . = ALIGN (0x4)
                0x0000000020010ca0                _ebss = .
                0x0000000020010ca0                __bss_end__ = _ebss

._user_heap_stack
                0x0000000020010ca0      0x600 load address 0x00000000080058cc
                0x0000000020010ca0                . = ALIGN (0x8)
                [!provide]                        PROVIDE (end, .)
                [!provide]                        PROVIDE (_end, .)
                0x0000000020010ea0                . = (. + _Min_Heap_Size)
 *fill*         0x0000000020010ca0      0x200 
                0x00000000200112a0                . = (. + _Min_Stack_Size)
 *fill*         0x0000000020010ea0      0x400 
                0x00000000200112a0                . = ALIGN (0x8)

/DISCARD/
 libc.a(*)
 libm.a(*)
 libgcc.a(*)

.ARM.attributes
                0x0000000000000000       0x30
 *(.ARM.attributes)
 .ARM.attributes
                0x0000000000000000       0x22 /Applications/Ac6/SystemWorkbench.app/Contents/Eclipse/plugins/fr.ac6.mcu.externaltools.arm-none.macos64_1.12.0.201611241417/tools/compiler/bin/../lib/gcc/arm-none-eabi/5.4.1/armv7e-m/fpu/crti.o
 .ARM.attributes
                0x0000000000000022       0x34 /Applications/Ac6/SystemWorkbench.app/Contents/Eclipse/plugins/fr.ac6.mcu.externaltools.arm-none.macos64_1.12.0.201611241417/tools/compiler/bin/../lib/gcc/arm-none-eabi/5.4.1/armv7e-m/fpu/crtbegin.o
 .ARM.attributes
                0x0000000000000056       0x21 Drivers/CMSIS/Device/ST/STM32F4xx/Source/Templates/gcc/startup_stm32f446xx.o
 .ARM.attributes
                0x0000000000000077       0x39 Drivers/STM32F4xx_HAL_Driver/Src/stm32f4xx_hal.o
 .ARM.attributes
                0x00000000000000b0       0x39 Drivers/STM32F4xx_HAL_Driver/Src/stm32f4xx_hal_adc.o
 .ARM.attributes
                0x00000000000000e9       0x39 Drivers/STM32F4xx_HAL_Driver/Src/stm32f4xx_hal_can.o
 .ARM.attributes
                0x0000000000000122       0x39 Drivers/STM32F4xx_HAL_Driver/Src/stm32f4xx_hal_cortex.o
 .ARM.attributes
                0x000000000000015b       0x39 Drivers/STM32F4xx_HAL_Driver/Src/stm32f4xx_hal_dma.o
 .ARM.attributes
                0x0000000000000194       0x39 Drivers/STM32F4xx_HAL_Driver/Src/stm32f4xx_hal_gpio.o
 .ARM.attributes
                0x00000000000001cd       0x39 Drivers/STM32F4xx_HAL_Driver/Src/stm32f4xx_hal_rcc.o
 .ARM.attributes
                0x0000000000000206       0x39 Drivers/STM32F4xx_HAL_Driver/Src/stm32f4xx_hal_rcc_ex.o
 .ARM.attributes
                0x000000000000023f       0x39 Drivers/STM32F4xx_HAL_Driver/Src/stm32f4xx_hal_spi.o
 .ARM.attributes
                0x0000000000000278       0x39 Drivers/STM32F4xx_HAL_Driver/Src/stm32f4xx_hal_tim.o
 .ARM.attributes
                0x00000000000002b1       0x39 Drivers/STM32F4xx_HAL_Driver/Src/stm32f4xx_hal_tim_ex.o
 .ARM.attributes
                0x00000000000002ea       0x39 Drivers/STM32F4xx_HAL_Driver/Src/stm32f4xx_hal_uart.o
 .ARM.attributes
                0x0000000000000323       0x39 Drivers/STM32F4xx_HAL_Driver/Src/stm32f4xx_hal_wwdg.o
 .ARM.attributes
                0x000000000000035c       0x39 Middlewares/Third_Party/FreeRTOS/Source/CMSIS_RTOS/cmsis_os.o
 .ARM.attributes
                0x0000000000000395       0x39 Middlewares/Third_Party/FreeRTOS/Source/list.o
 .ARM.attributes
                0x00000000000003ce       0x39 Middlewares/Third_Party/FreeRTOS/Source/queue.o
 .ARM.attributes
                0x0000000000000407       0x39 Middlewares/Third_Party/FreeRTOS/Source/tasks.o
 .ARM.attributes
                0x0000000000000440       0x39 Middlewares/Third_Party/FreeRTOS/Source/timers.o
 .ARM.attributes
                0x0000000000000479       0x39 Middlewares/Third_Party/FreeRTOS/Source/portable/GCC/ARM_CM4F/port.o
 .ARM.attributes
                0x00000000000004b2       0x39 Middlewares/Third_Party/FreeRTOS/Source/portable/MemMang/heap_4.o
 .ARM.attributes
                0x00000000000004eb       0x39 Src/Can_Processor.o
 .ARM.attributes
                0x0000000000000524       0x39 Src/can.o
 .ARM.attributes
                0x000000000000055d       0x39 Src/freertos.o
 .ARM.attributes
                0x0000000000000596       0x39 Src/main.o
 .ARM.attributes
                0x00000000000005cf       0x39 Src/mcp3909.o
 .ARM.attributes
                0x0000000000000608       0x39 Src/nodeMiscHelpers.o
 .ARM.attributes
                0x0000000000000641       0x39 Src/serial.o
 .ARM.attributes
                0x000000000000067a       0x39 Src/stm32f4xx_hal_msp.o
 .ARM.attributes
                0x00000000000006b3       0x39 Src/stm32f4xx_hal_timebase_TIM.o
 .ARM.attributes
                0x00000000000006ec       0x39 Src/stm32f4xx_it.o
 .ARM.attributes
                0x0000000000000725       0x39 Src/system_stm32f4xx.o
 .ARM.attributes
                0x000000000000075e       0x34 /Applications/Ac6/SystemWorkbench.app/Contents/Eclipse/plugins/fr.ac6.mcu.externaltools.arm-none.macos64_1.12.0.201611241417/tools/compiler/bin/../lib/gcc/arm-none-eabi/5.4.1/../../../../arm-none-eabi/lib/armv7e-m/fpu/libc_nano.a(lib_a-init.o)
 .ARM.attributes
                0x0000000000000792       0x34 /Applications/Ac6/SystemWorkbench.app/Contents/Eclipse/plugins/fr.ac6.mcu.externaltools.arm-none.macos64_1.12.0.201611241417/tools/compiler/bin/../lib/gcc/arm-none-eabi/5.4.1/../../../../arm-none-eabi/lib/armv7e-m/fpu/libc_nano.a(lib_a-memcpy-stub.o)
 .ARM.attributes
                0x00000000000007c6       0x34 /Applications/Ac6/SystemWorkbench.app/Contents/Eclipse/plugins/fr.ac6.mcu.externaltools.arm-none.macos64_1.12.0.201611241417/tools/compiler/bin/../lib/gcc/arm-none-eabi/5.4.1/../../../../arm-none-eabi/lib/armv7e-m/fpu/libc_nano.a(lib_a-memset.o)
 .ARM.attributes
                0x00000000000007fa       0x22 /Applications/Ac6/SystemWorkbench.app/Contents/Eclipse/plugins/fr.ac6.mcu.externaltools.arm-none.macos64_1.12.0.201611241417/tools/compiler/bin/../lib/gcc/arm-none-eabi/5.4.1/armv7e-m/fpu/crtn.o
OUTPUT(Gen9_BPS_46.elf elf32-littlearm)

.debug_line     0x0000000000000000    0x16668
 .debug_line    0x0000000000000000       0xae Drivers/CMSIS/Device/ST/STM32F4xx/Source/Templates/gcc/startup_stm32f446xx.o
 .debug_line    0x00000000000000ae      0xa40 Drivers/STM32F4xx_HAL_Driver/Src/stm32f4xx_hal.o
 .debug_line    0x0000000000000aee      0xd19 Drivers/STM32F4xx_HAL_Driver/Src/stm32f4xx_hal_adc.o
 .debug_line    0x0000000000001807      0xcb2 Drivers/STM32F4xx_HAL_Driver/Src/stm32f4xx_hal_can.o
 .debug_line    0x00000000000024b9      0xab5 Drivers/STM32F4xx_HAL_Driver/Src/stm32f4xx_hal_cortex.o
 .debug_line    0x0000000000002f6e      0xbd0 Drivers/STM32F4xx_HAL_Driver/Src/stm32f4xx_hal_dma.o
 .debug_line    0x0000000000003b3e      0xa82 Drivers/STM32F4xx_HAL_Driver/Src/stm32f4xx_hal_gpio.o
 .debug_line    0x00000000000045c0      0xbee Drivers/STM32F4xx_HAL_Driver/Src/stm32f4xx_hal_rcc.o
 .debug_line    0x00000000000051ae      0xe9e Drivers/STM32F4xx_HAL_Driver/Src/stm32f4xx_hal_rcc_ex.o
 .debug_line    0x000000000000604c     0x107b Drivers/STM32F4xx_HAL_Driver/Src/stm32f4xx_hal_spi.o
 .debug_line    0x00000000000070c7     0x1714 Drivers/STM32F4xx_HAL_Driver/Src/stm32f4xx_hal_tim.o
 .debug_line    0x00000000000087db      0xcaf Drivers/STM32F4xx_HAL_Driver/Src/stm32f4xx_hal_tim_ex.o
 .debug_line    0x000000000000948a     0x118e Drivers/STM32F4xx_HAL_Driver/Src/stm32f4xx_hal_uart.o
 .debug_line    0x000000000000a618      0x915 Drivers/STM32F4xx_HAL_Driver/Src/stm32f4xx_hal_wwdg.o
 .debug_line    0x000000000000af2d      0xbd4 Middlewares/Third_Party/FreeRTOS/Source/CMSIS_RTOS/cmsis_os.o
 .debug_line    0x000000000000bb01      0x608 Middlewares/Third_Party/FreeRTOS/Source/list.o
 .debug_line    0x000000000000c109      0xa92 Middlewares/Third_Party/FreeRTOS/Source/queue.o
 .debug_line    0x000000000000cb9b      0xd4c Middlewares/Third_Party/FreeRTOS/Source/tasks.o
 .debug_line    0x000000000000d8e7      0x7c0 Middlewares/Third_Party/FreeRTOS/Source/timers.o
 .debug_line    0x000000000000e0a7      0x693 Middlewares/Third_Party/FreeRTOS/Source/portable/GCC/ARM_CM4F/port.o
 .debug_line    0x000000000000e73a      0x6c3 Middlewares/Third_Party/FreeRTOS/Source/portable/MemMang/heap_4.o
 .debug_line    0x000000000000edfd      0xb5b Src/Can_Processor.o
 .debug_line    0x000000000000f958      0xdca Src/can.o
 .debug_line    0x0000000000010722      0x4fe Src/freertos.o
 .debug_line    0x0000000000010c20      0xe2e Src/main.o
 .debug_line    0x0000000000011a4e      0xd5f Src/mcp3909.o
 .debug_line    0x00000000000127ad      0xbff Src/nodeMiscHelpers.o
 .debug_line    0x00000000000133ac      0xa62 Src/serial.o
 .debug_line    0x0000000000013e0e      0xaea Src/stm32f4xx_hal_msp.o
 .debug_line    0x00000000000148f8      0x8f6 Src/stm32f4xx_hal_timebase_TIM.o
 .debug_line    0x00000000000151ee      0xb98 Src/stm32f4xx_it.o
 .debug_line    0x0000000000015d86      0x8e2 Src/system_stm32f4xx.o

.debug_info     0x0000000000000000    0x1ec53
 .debug_info    0x0000000000000000       0xa8 Drivers/CMSIS/Device/ST/STM32F4xx/Source/Templates/gcc/startup_stm32f446xx.o
 .debug_info    0x00000000000000a8      0x932 Drivers/STM32F4xx_HAL_Driver/Src/stm32f4xx_hal.o
 .debug_info    0x00000000000009da      0xcc2 Drivers/STM32F4xx_HAL_Driver/Src/stm32f4xx_hal_adc.o
 .debug_info    0x000000000000169c      0xb58 Drivers/STM32F4xx_HAL_Driver/Src/stm32f4xx_hal_can.o
 .debug_info    0x00000000000021f4      0xe9d Drivers/STM32F4xx_HAL_Driver/Src/stm32f4xx_hal_cortex.o
 .debug_info    0x0000000000003091      0xa2c Drivers/STM32F4xx_HAL_Driver/Src/stm32f4xx_hal_dma.o
 .debug_info    0x0000000000003abd      0x77f Drivers/STM32F4xx_HAL_Driver/Src/stm32f4xx_hal_gpio.o
 .debug_info    0x000000000000423c      0xcd7 Drivers/STM32F4xx_HAL_Driver/Src/stm32f4xx_hal_rcc.o
 .debug_info    0x0000000000004f13     0x1300 Drivers/STM32F4xx_HAL_Driver/Src/stm32f4xx_hal_rcc_ex.o
 .debug_info    0x0000000000006213     0x183c Drivers/STM32F4xx_HAL_Driver/Src/stm32f4xx_hal_spi.o
 .debug_info    0x0000000000007a4f     0x2eaa Drivers/STM32F4xx_HAL_Driver/Src/stm32f4xx_hal_tim.o
 .debug_info    0x000000000000a8f9      0xf6f Drivers/STM32F4xx_HAL_Driver/Src/stm32f4xx_hal_tim_ex.o
 .debug_info    0x000000000000b868     0x14ed Drivers/STM32F4xx_HAL_Driver/Src/stm32f4xx_hal_uart.o
 .debug_info    0x000000000000cd55      0x292 Drivers/STM32F4xx_HAL_Driver/Src/stm32f4xx_hal_wwdg.o
 .debug_info    0x000000000000cfe7     0x1d13 Middlewares/Third_Party/FreeRTOS/Source/CMSIS_RTOS/cmsis_os.o
 .debug_info    0x000000000000ecfa      0x2a5 Middlewares/Third_Party/FreeRTOS/Source/list.o
 .debug_info    0x000000000000ef9f     0x16ca Middlewares/Third_Party/FreeRTOS/Source/queue.o
 .debug_info    0x0000000000010669     0x1fda Middlewares/Third_Party/FreeRTOS/Source/tasks.o
 .debug_info    0x0000000000012643     0x1045 Middlewares/Third_Party/FreeRTOS/Source/timers.o
 .debug_info    0x0000000000013688      0x55b Middlewares/Third_Party/FreeRTOS/Source/portable/GCC/ARM_CM4F/port.o
 .debug_info    0x0000000000013be3      0x4b5 Middlewares/Third_Party/FreeRTOS/Source/portable/MemMang/heap_4.o
 .debug_info    0x0000000000014098      0x26c Src/Can_Processor.o
 .debug_info    0x0000000000014304     0x100f Src/can.o
 .debug_info    0x0000000000015313       0xd9 Src/freertos.o
 .debug_info    0x00000000000153ec     0x2f35 Src/main.o
 .debug_info    0x0000000000018321     0x153a Src/mcp3909.o
 .debug_info    0x000000000001985b      0x817 Src/nodeMiscHelpers.o
 .debug_info    0x000000000001a072      0xc39 Src/serial.o
 .debug_info    0x000000000001acab     0x1dc7 Src/stm32f4xx_hal_msp.o
 .debug_info    0x000000000001ca72      0xb9e Src/stm32f4xx_hal_timebase_TIM.o
 .debug_info    0x000000000001d610     0x110f Src/stm32f4xx_it.o
 .debug_info    0x000000000001e71f      0x534 Src/system_stm32f4xx.o

.debug_abbrev   0x0000000000000000     0x4d2f
 .debug_abbrev  0x0000000000000000       0x12 Drivers/CMSIS/Device/ST/STM32F4xx/Source/Templates/gcc/startup_stm32f446xx.o
 .debug_abbrev  0x0000000000000012      0x247 Drivers/STM32F4xx_HAL_Driver/Src/stm32f4xx_hal.o
 .debug_abbrev  0x0000000000000259      0x2c8 Drivers/STM32F4xx_HAL_Driver/Src/stm32f4xx_hal_adc.o
 .debug_abbrev  0x0000000000000521      0x2ad Drivers/STM32F4xx_HAL_Driver/Src/stm32f4xx_hal_can.o
 .debug_abbrev  0x00000000000007ce      0x332 Drivers/STM32F4xx_HAL_Driver/Src/stm32f4xx_hal_cortex.o
 .debug_abbrev  0x0000000000000b00      0x2e0 Drivers/STM32F4xx_HAL_Driver/Src/stm32f4xx_hal_dma.o
 .debug_abbrev  0x0000000000000de0      0x1cb Drivers/STM32F4xx_HAL_Driver/Src/stm32f4xx_hal_gpio.o
 .debug_abbrev  0x0000000000000fab      0x321 Drivers/STM32F4xx_HAL_Driver/Src/stm32f4xx_hal_rcc.o
 .debug_abbrev  0x00000000000012cc      0x269 Drivers/STM32F4xx_HAL_Driver/Src/stm32f4xx_hal_rcc_ex.o
 .debug_abbrev  0x0000000000001535      0x33a Drivers/STM32F4xx_HAL_Driver/Src/stm32f4xx_hal_spi.o
 .debug_abbrev  0x000000000000186f      0x314 Drivers/STM32F4xx_HAL_Driver/Src/stm32f4xx_hal_tim.o
 .debug_abbrev  0x0000000000001b83      0x273 Drivers/STM32F4xx_HAL_Driver/Src/stm32f4xx_hal_tim_ex.o
 .debug_abbrev  0x0000000000001df6      0x30b Drivers/STM32F4xx_HAL_Driver/Src/stm32f4xx_hal_uart.o
 .debug_abbrev  0x0000000000002101      0x170 Drivers/STM32F4xx_HAL_Driver/Src/stm32f4xx_hal_wwdg.o
 .debug_abbrev  0x0000000000002271      0x35d Middlewares/Third_Party/FreeRTOS/Source/CMSIS_RTOS/cmsis_os.o
 .debug_abbrev  0x00000000000025ce       0xdf Middlewares/Third_Party/FreeRTOS/Source/list.o
 .debug_abbrev  0x00000000000026ad      0x2d3 Middlewares/Third_Party/FreeRTOS/Source/queue.o
 .debug_abbrev  0x0000000000002980      0x38e Middlewares/Third_Party/FreeRTOS/Source/tasks.o
 .debug_abbrev  0x0000000000002d0e      0x31f Middlewares/Third_Party/FreeRTOS/Source/timers.o
 .debug_abbrev  0x000000000000302d      0x21e Middlewares/Third_Party/FreeRTOS/Source/portable/GCC/ARM_CM4F/port.o
 .debug_abbrev  0x000000000000324b      0x24f Middlewares/Third_Party/FreeRTOS/Source/portable/MemMang/heap_4.o
 .debug_abbrev  0x000000000000349a      0x158 Src/Can_Processor.o
 .debug_abbrev  0x00000000000035f2      0x396 Src/can.o
 .debug_abbrev  0x0000000000003988       0x8b Src/freertos.o
 .debug_abbrev  0x0000000000003a13      0x3a7 Src/main.o
 .debug_abbrev  0x0000000000003dba      0x313 Src/mcp3909.o
 .debug_abbrev  0x00000000000040cd      0x269 Src/nodeMiscHelpers.o
 .debug_abbrev  0x0000000000004336      0x31b Src/serial.o
 .debug_abbrev  0x0000000000004651      0x25c Src/stm32f4xx_hal_msp.o
 .debug_abbrev  0x00000000000048ad      0x1d2 Src/stm32f4xx_hal_timebase_TIM.o
 .debug_abbrev  0x0000000000004a7f      0x1ac Src/stm32f4xx_it.o
 .debug_abbrev  0x0000000000004c2b      0x104 Src/system_stm32f4xx.o

.debug_aranges  0x0000000000000000     0x1418
 .debug_aranges
                0x0000000000000000       0x28 Drivers/CMSIS/Device/ST/STM32F4xx/Source/Templates/gcc/startup_stm32f446xx.o
 .debug_aranges
                0x0000000000000028       0xb8 Drivers/STM32F4xx_HAL_Driver/Src/stm32f4xx_hal.o
 .debug_aranges
                0x00000000000000e0       0xb8 Drivers/STM32F4xx_HAL_Driver/Src/stm32f4xx_hal_adc.o
 .debug_aranges
                0x0000000000000198       0x88 Drivers/STM32F4xx_HAL_Driver/Src/stm32f4xx_hal_can.o
 .debug_aranges
                0x0000000000000220       0x98 Drivers/STM32F4xx_HAL_Driver/Src/stm32f4xx_hal_cortex.o
 .debug_aranges
                0x00000000000002b8       0x80 Drivers/STM32F4xx_HAL_Driver/Src/stm32f4xx_hal_dma.o
 .debug_aranges
                0x0000000000000338       0x58 Drivers/STM32F4xx_HAL_Driver/Src/stm32f4xx_hal_gpio.o
 .debug_aranges
                0x0000000000000390       0x80 Drivers/STM32F4xx_HAL_Driver/Src/stm32f4xx_hal_rcc.o
 .debug_aranges
                0x0000000000000410       0x58 Drivers/STM32F4xx_HAL_Driver/Src/stm32f4xx_hal_rcc_ex.o
 .debug_aranges
                0x0000000000000468      0x150 Drivers/STM32F4xx_HAL_Driver/Src/stm32f4xx_hal_spi.o
 .debug_aranges
                0x00000000000005b8      0x250 Drivers/STM32F4xx_HAL_Driver/Src/stm32f4xx_hal_tim.o
 .debug_aranges
                0x0000000000000808       0xf0 Drivers/STM32F4xx_HAL_Driver/Src/stm32f4xx_hal_tim_ex.o
 .debug_aranges
                0x00000000000008f8      0x170 Drivers/STM32F4xx_HAL_Driver/Src/stm32f4xx_hal_uart.o
 .debug_aranges
                0x0000000000000a68       0x38 Drivers/STM32F4xx_HAL_Driver/Src/stm32f4xx_hal_wwdg.o
 .debug_aranges
                0x0000000000000aa0      0x198 Middlewares/Third_Party/FreeRTOS/Source/CMSIS_RTOS/cmsis_os.o
 .debug_aranges
                0x0000000000000c38       0x40 Middlewares/Third_Party/FreeRTOS/Source/list.o
 .debug_aranges
                0x0000000000000c78       0xc8 Middlewares/Third_Party/FreeRTOS/Source/queue.o
 .debug_aranges
                0x0000000000000d40      0x158 Middlewares/Third_Party/FreeRTOS/Source/tasks.o
 .debug_aranges
                0x0000000000000e98       0x78 Middlewares/Third_Party/FreeRTOS/Source/timers.o
 .debug_aranges
                0x0000000000000f10       0x80 Middlewares/Third_Party/FreeRTOS/Source/portable/GCC/ARM_CM4F/port.o
 .debug_aranges
                0x0000000000000f90       0x48 Middlewares/Third_Party/FreeRTOS/Source/portable/MemMang/heap_4.o
 .debug_aranges
                0x0000000000000fd8       0x20 Src/Can_Processor.o
 .debug_aranges
                0x0000000000000ff8       0xa8 Src/can.o
 .debug_aranges
                0x00000000000010a0       0x28 Src/freertos.o
 .debug_aranges
                0x00000000000010c8       0x88 Src/main.o
 .debug_aranges
                0x0000000000001150       0xa0 Src/mcp3909.o
 .debug_aranges
                0x00000000000011f0       0x50 Src/nodeMiscHelpers.o
 .debug_aranges
                0x0000000000001240       0x90 Src/serial.o
 .debug_aranges
                0x00000000000012d0       0x68 Src/stm32f4xx_hal_msp.o
 .debug_aranges
                0x0000000000001338       0x30 Src/stm32f4xx_hal_timebase_TIM.o
 .debug_aranges
                0x0000000000001368       0x88 Src/stm32f4xx_it.o
 .debug_aranges
                0x00000000000013f0       0x28 Src/system_stm32f4xx.o

.debug_ranges   0x0000000000000000     0x1bd0
 .debug_ranges  0x0000000000000000       0x20 Drivers/CMSIS/Device/ST/STM32F4xx/Source/Templates/gcc/startup_stm32f446xx.o
 .debug_ranges  0x0000000000000020       0xa8 Drivers/STM32F4xx_HAL_Driver/Src/stm32f4xx_hal.o
 .debug_ranges  0x00000000000000c8       0xc0 Drivers/STM32F4xx_HAL_Driver/Src/stm32f4xx_hal_adc.o
 .debug_ranges  0x0000000000000188       0x78 Drivers/STM32F4xx_HAL_Driver/Src/stm32f4xx_hal_can.o
 .debug_ranges  0x0000000000000200      0x148 Drivers/STM32F4xx_HAL_Driver/Src/stm32f4xx_hal_cortex.o
 .debug_ranges  0x0000000000000348       0xa8 Drivers/STM32F4xx_HAL_Driver/Src/stm32f4xx_hal_dma.o
 .debug_ranges  0x00000000000003f0       0x70 Drivers/STM32F4xx_HAL_Driver/Src/stm32f4xx_hal_gpio.o
 .debug_ranges  0x0000000000000460      0x150 Drivers/STM32F4xx_HAL_Driver/Src/stm32f4xx_hal_rcc.o
 .debug_ranges  0x00000000000005b0      0x2d0 Drivers/STM32F4xx_HAL_Driver/Src/stm32f4xx_hal_rcc_ex.o
 .debug_ranges  0x0000000000000880      0x170 Drivers/STM32F4xx_HAL_Driver/Src/stm32f4xx_hal_spi.o
 .debug_ranges  0x00000000000009f0      0x330 Drivers/STM32F4xx_HAL_Driver/Src/stm32f4xx_hal_tim.o
 .debug_ranges  0x0000000000000d20       0xe0 Drivers/STM32F4xx_HAL_Driver/Src/stm32f4xx_hal_tim_ex.o
 .debug_ranges  0x0000000000000e00      0x178 Drivers/STM32F4xx_HAL_Driver/Src/stm32f4xx_hal_uart.o
 .debug_ranges  0x0000000000000f78       0x28 Drivers/STM32F4xx_HAL_Driver/Src/stm32f4xx_hal_wwdg.o
 .debug_ranges  0x0000000000000fa0      0x188 Middlewares/Third_Party/FreeRTOS/Source/CMSIS_RTOS/cmsis_os.o
 .debug_ranges  0x0000000000001128       0x30 Middlewares/Third_Party/FreeRTOS/Source/list.o
 .debug_ranges  0x0000000000001158       0xb8 Middlewares/Third_Party/FreeRTOS/Source/queue.o
 .debug_ranges  0x0000000000001210      0x1e8 Middlewares/Third_Party/FreeRTOS/Source/tasks.o
 .debug_ranges  0x00000000000013f8       0x98 Middlewares/Third_Party/FreeRTOS/Source/timers.o
 .debug_ranges  0x0000000000001490       0x70 Middlewares/Third_Party/FreeRTOS/Source/portable/GCC/ARM_CM4F/port.o
 .debug_ranges  0x0000000000001500       0x38 Middlewares/Third_Party/FreeRTOS/Source/portable/MemMang/heap_4.o
 .debug_ranges  0x0000000000001538       0x10 Src/Can_Processor.o
 .debug_ranges  0x0000000000001548      0x178 Src/can.o
 .debug_ranges  0x00000000000016c0       0x18 Src/freertos.o
 .debug_ranges  0x00000000000016d8      0x108 Src/main.o
 .debug_ranges  0x00000000000017e0       0xc0 Src/mcp3909.o
 .debug_ranges  0x00000000000018a0       0x78 Src/nodeMiscHelpers.o
 .debug_ranges  0x0000000000001918       0xf8 Src/serial.o
 .debug_ranges  0x0000000000001a10       0xf0 Src/stm32f4xx_hal_msp.o
 .debug_ranges  0x0000000000001b00       0x40 Src/stm32f4xx_hal_timebase_TIM.o
 .debug_ranges  0x0000000000001b40       0x78 Src/stm32f4xx_it.o
 .debug_ranges  0x0000000000001bb8       0x18 Src/system_stm32f4xx.o

.debug_loc      0x0000000000000000     0xf126
 .debug_loc     0x0000000000000000       0x92 Drivers/STM32F4xx_HAL_Driver/Src/stm32f4xx_hal.o
 .debug_loc     0x0000000000000092      0x771 Drivers/STM32F4xx_HAL_Driver/Src/stm32f4xx_hal_adc.o
 .debug_loc     0x0000000000000803      0x717 Drivers/STM32F4xx_HAL_Driver/Src/stm32f4xx_hal_can.o
 .debug_loc     0x0000000000000f1a      0x4ab Drivers/STM32F4xx_HAL_Driver/Src/stm32f4xx_hal_cortex.o
 .debug_loc     0x00000000000013c5      0x757 Drivers/STM32F4xx_HAL_Driver/Src/stm32f4xx_hal_dma.o
 .debug_loc     0x0000000000001b1c      0x374 Drivers/STM32F4xx_HAL_Driver/Src/stm32f4xx_hal_gpio.o
 .debug_loc     0x0000000000001e90      0x485 Drivers/STM32F4xx_HAL_Driver/Src/stm32f4xx_hal_rcc.o
 .debug_loc     0x0000000000002315      0xcdd Drivers/STM32F4xx_HAL_Driver/Src/stm32f4xx_hal_rcc_ex.o
 .debug_loc     0x0000000000002ff2     0x1725 Drivers/STM32F4xx_HAL_Driver/Src/stm32f4xx_hal_spi.o
 .debug_loc     0x0000000000004717     0x3146 Drivers/STM32F4xx_HAL_Driver/Src/stm32f4xx_hal_tim.o
 .debug_loc     0x000000000000785d      0x7b9 Drivers/STM32F4xx_HAL_Driver/Src/stm32f4xx_hal_tim_ex.o
 .debug_loc     0x0000000000008016     0x13b0 Drivers/STM32F4xx_HAL_Driver/Src/stm32f4xx_hal_uart.o
 .debug_loc     0x00000000000093c6       0x76 Drivers/STM32F4xx_HAL_Driver/Src/stm32f4xx_hal_wwdg.o
 .debug_loc     0x000000000000943c     0x1155 Middlewares/Third_Party/FreeRTOS/Source/CMSIS_RTOS/cmsis_os.o
 .debug_loc     0x000000000000a591       0x94 Middlewares/Third_Party/FreeRTOS/Source/list.o
 .debug_loc     0x000000000000a625      0xb2d Middlewares/Third_Party/FreeRTOS/Source/queue.o
 .debug_loc     0x000000000000b152     0x12a3 Middlewares/Third_Party/FreeRTOS/Source/tasks.o
 .debug_loc     0x000000000000c3f5      0x852 Middlewares/Third_Party/FreeRTOS/Source/timers.o
 .debug_loc     0x000000000000cc47       0xae Middlewares/Third_Party/FreeRTOS/Source/portable/GCC/ARM_CM4F/port.o
 .debug_loc     0x000000000000ccf5      0x38a Middlewares/Third_Party/FreeRTOS/Source/portable/MemMang/heap_4.o
 .debug_loc     0x000000000000d07f       0x1e Src/Can_Processor.o
 .debug_loc     0x000000000000d09d      0xe56 Src/can.o
 .debug_loc     0x000000000000def3      0x1a3 Src/main.o
 .debug_loc     0x000000000000e096      0x79b Src/mcp3909.o
 .debug_loc     0x000000000000e831      0x1af Src/nodeMiscHelpers.o
 .debug_loc     0x000000000000e9e0      0x3f6 Src/serial.o
 .debug_loc     0x000000000000edd6      0x1d4 Src/stm32f4xx_hal_msp.o
 .debug_loc     0x000000000000efaa       0xa5 Src/stm32f4xx_hal_timebase_TIM.o
 .debug_loc     0x000000000000f04f       0xd7 Src/system_stm32f4xx.o

.debug_macro    0x0000000000000000    0x27adf
 .debug_macro   0x0000000000000000      0x39f Drivers/STM32F4xx_HAL_Driver/Src/stm32f4xx_hal.o
 .debug_macro   0x000000000000039f      0x89e Drivers/STM32F4xx_HAL_Driver/Src/stm32f4xx_hal.o
 .debug_macro   0x0000000000000c3d      0x11e Drivers/STM32F4xx_HAL_Driver/Src/stm32f4xx_hal.o
 .debug_macro   0x0000000000000d5b      0x197 Drivers/STM32F4xx_HAL_Driver/Src/stm32f4xx_hal.o
 .debug_macro   0x0000000000000ef2       0x33 Drivers/STM32F4xx_HAL_Driver/Src/stm32f4xx_hal.o
 .debug_macro   0x0000000000000f25       0x28 Drivers/STM32F4xx_HAL_Driver/Src/stm32f4xx_hal.o
 .debug_macro   0x0000000000000f4d       0x22 Drivers/STM32F4xx_HAL_Driver/Src/stm32f4xx_hal.o
 .debug_macro   0x0000000000000f6f       0x87 Drivers/STM32F4xx_HAL_Driver/Src/stm32f4xx_hal.o
 .debug_macro   0x0000000000000ff6       0x44 Drivers/STM32F4xx_HAL_Driver/Src/stm32f4xx_hal.o
 .debug_macro   0x000000000000103a       0xfd Drivers/STM32F4xx_HAL_Driver/Src/stm32f4xx_hal.o
 .debug_macro   0x0000000000001137       0x5e Drivers/STM32F4xx_HAL_Driver/Src/stm32f4xx_hal.o
 .debug_macro   0x0000000000001195      0x1df Drivers/STM32F4xx_HAL_Driver/Src/stm32f4xx_hal.o
 .debug_macro   0x0000000000001374       0x35 Drivers/STM32F4xx_HAL_Driver/Src/stm32f4xx_hal.o
 .debug_macro   0x00000000000013a9       0x50 Drivers/STM32F4xx_HAL_Driver/Src/stm32f4xx_hal.o
 .debug_macro   0x00000000000013f9      0xe66 Drivers/STM32F4xx_HAL_Driver/Src/stm32f4xx_hal.o
 .debug_macro   0x000000000000225f    0x1661c Drivers/STM32F4xx_HAL_Driver/Src/stm32f4xx_hal.o
 .debug_macro   0x000000000001887b       0x43 Drivers/STM32F4xx_HAL_Driver/Src/stm32f4xx_hal.o
 .debug_macro   0x00000000000188be     0x347f Drivers/STM32F4xx_HAL_Driver/Src/stm32f4xx_hal.o
 .debug_macro   0x000000000001bd3d       0x52 Drivers/STM32F4xx_HAL_Driver/Src/stm32f4xx_hal.o
 .debug_macro   0x000000000001bd8f       0x35 Drivers/STM32F4xx_HAL_Driver/Src/stm32f4xx_hal.o
 .debug_macro   0x000000000001bdc4       0x9c Drivers/STM32F4xx_HAL_Driver/Src/stm32f4xx_hal.o
 .debug_macro   0x000000000001be60       0x16 Drivers/STM32F4xx_HAL_Driver/Src/stm32f4xx_hal.o
 .debug_macro   0x000000000001be76       0x97 Drivers/STM32F4xx_HAL_Driver/Src/stm32f4xx_hal.o
 .debug_macro   0x000000000001bf0d      0x30d Drivers/STM32F4xx_HAL_Driver/Src/stm32f4xx_hal.o
 .debug_macro   0x000000000001c21a       0xfd Drivers/STM32F4xx_HAL_Driver/Src/stm32f4xx_hal.o
 .debug_macro   0x000000000001c317       0x10 Drivers/STM32F4xx_HAL_Driver/Src/stm32f4xx_hal.o
 .debug_macro   0x000000000001c327       0x52 Drivers/STM32F4xx_HAL_Driver/Src/stm32f4xx_hal.o
 .debug_macro   0x000000000001c379       0x1f Drivers/STM32F4xx_HAL_Driver/Src/stm32f4xx_hal.o
 .debug_macro   0x000000000001c398       0x43 Drivers/STM32F4xx_HAL_Driver/Src/stm32f4xx_hal.o
 .debug_macro   0x000000000001c3db       0x20 Drivers/STM32F4xx_HAL_Driver/Src/stm32f4xx_hal.o
 .debug_macro   0x000000000001c3fb      0x187 Drivers/STM32F4xx_HAL_Driver/Src/stm32f4xx_hal.o
 .debug_macro   0x000000000001c582       0x10 Drivers/STM32F4xx_HAL_Driver/Src/stm32f4xx_hal.o
 .debug_macro   0x000000000001c592       0x1c Drivers/STM32F4xx_HAL_Driver/Src/stm32f4xx_hal.o
 .debug_macro   0x000000000001c5ae       0x52 Drivers/STM32F4xx_HAL_Driver/Src/stm32f4xx_hal.o
 .debug_macro   0x000000000001c600       0x40 Drivers/STM32F4xx_HAL_Driver/Src/stm32f4xx_hal.o
 .debug_macro   0x000000000001c640       0x10 Drivers/STM32F4xx_HAL_Driver/Src/stm32f4xx_hal.o
 .debug_macro   0x000000000001c650       0x40 Drivers/STM32F4xx_HAL_Driver/Src/stm32f4xx_hal.o
 .debug_macro   0x000000000001c690       0xd7 Drivers/STM32F4xx_HAL_Driver/Src/stm32f4xx_hal.o
 .debug_macro   0x000000000001c767       0x16 Drivers/STM32F4xx_HAL_Driver/Src/stm32f4xx_hal.o
 .debug_macro   0x000000000001c77d      0x189 Drivers/STM32F4xx_HAL_Driver/Src/stm32f4xx_hal.o
 .debug_macro   0x000000000001c906       0x50 Drivers/STM32F4xx_HAL_Driver/Src/stm32f4xx_hal.o
 .debug_macro   0x000000000001c956      0xc9e Drivers/STM32F4xx_HAL_Driver/Src/stm32f4xx_hal.o
 .debug_macro   0x000000000001d5f4      0x9e1 Drivers/STM32F4xx_HAL_Driver/Src/stm32f4xx_hal.o
 .debug_macro   0x000000000001dfd5      0x11e Drivers/STM32F4xx_HAL_Driver/Src/stm32f4xx_hal.o
 .debug_macro   0x000000000001e0f3      0x1a0 Drivers/STM32F4xx_HAL_Driver/Src/stm32f4xx_hal.o
 .debug_macro   0x000000000001e293       0x27 Drivers/STM32F4xx_HAL_Driver/Src/stm32f4xx_hal.o
 .debug_macro   0x000000000001e2ba      0x287 Drivers/STM32F4xx_HAL_Driver/Src/stm32f4xx_hal.o
 .debug_macro   0x000000000001e541       0x5f Drivers/STM32F4xx_HAL_Driver/Src/stm32f4xx_hal.o
 .debug_macro   0x000000000001e5a0      0x23a Drivers/STM32F4xx_HAL_Driver/Src/stm32f4xx_hal.o
 .debug_macro   0x000000000001e7da      0x391 Drivers/STM32F4xx_HAL_Driver/Src/stm32f4xx_hal.o
 .debug_macro   0x000000000001eb6b      0x176 Drivers/STM32F4xx_HAL_Driver/Src/stm32f4xx_hal.o
 .debug_macro   0x000000000001ece1       0xf9 Drivers/STM32F4xx_HAL_Driver/Src/stm32f4xx_hal.o
 .debug_macro   0x000000000001edda      0x36e Drivers/STM32F4xx_HAL_Driver/Src/stm32f4xx_hal.o
 .debug_macro   0x000000000001f148      0x13a Drivers/STM32F4xx_HAL_Driver/Src/stm32f4xx_hal.o
 .debug_macro   0x000000000001f282      0x29c Drivers/STM32F4xx_HAL_Driver/Src/stm32f4xx_hal.o
 .debug_macro   0x000000000001f51e       0x2e Drivers/STM32F4xx_HAL_Driver/Src/stm32f4xx_hal.o
 .debug_macro   0x000000000001f54c      0x11e Drivers/STM32F4xx_HAL_Driver/Src/stm32f4xx_hal.o
 .debug_macro   0x000000000001f66a       0xe8 Drivers/STM32F4xx_HAL_Driver/Src/stm32f4xx_hal.o
 .debug_macro   0x000000000001f752       0x89 Drivers/STM32F4xx_HAL_Driver/Src/stm32f4xx_hal.o
 .debug_macro   0x000000000001f7db      0x202 Drivers/STM32F4xx_HAL_Driver/Src/stm32f4xx_hal.o
 .debug_macro   0x000000000001f9dd      0x6d9 Drivers/STM32F4xx_HAL_Driver/Src/stm32f4xx_hal.o
 .debug_macro   0x00000000000200b6       0x62 Drivers/STM32F4xx_HAL_Driver/Src/stm32f4xx_hal.o
 .debug_macro   0x0000000000020118      0x14d Drivers/STM32F4xx_HAL_Driver/Src/stm32f4xx_hal.o
 .debug_macro   0x0000000000020265      0x287 Drivers/STM32F4xx_HAL_Driver/Src/stm32f4xx_hal.o
 .debug_macro   0x00000000000204ec       0x89 Drivers/STM32F4xx_HAL_Driver/Src/stm32f4xx_hal.o
 .debug_macro   0x0000000000020575      0x11e Drivers/STM32F4xx_HAL_Driver/Src/stm32f4xx_hal.o
 .debug_macro   0x0000000000020693      0x340 Drivers/STM32F4xx_HAL_Driver/Src/stm32f4xx_hal_adc.o
 .debug_macro   0x00000000000209d3      0x346 Drivers/STM32F4xx_HAL_Driver/Src/stm32f4xx_hal_can.o
 .debug_macro   0x0000000000020d19      0x33f Drivers/STM32F4xx_HAL_Driver/Src/stm32f4xx_hal_cortex.o
 .debug_macro   0x0000000000021058      0x346 Drivers/STM32F4xx_HAL_Driver/Src/stm32f4xx_hal_dma.o
 .debug_macro   0x000000000002139e      0x377 Drivers/STM32F4xx_HAL_Driver/Src/stm32f4xx_hal_gpio.o
 .debug_macro   0x0000000000021715      0x369 Drivers/STM32F4xx_HAL_Driver/Src/stm32f4xx_hal_rcc.o
 .debug_macro   0x0000000000021a7e      0x33f Drivers/STM32F4xx_HAL_Driver/Src/stm32f4xx_hal_rcc_ex.o
 .debug_macro   0x0000000000021dbd      0x347 Drivers/STM32F4xx_HAL_Driver/Src/stm32f4xx_hal_spi.o
 .debug_macro   0x0000000000022104      0x340 Drivers/STM32F4xx_HAL_Driver/Src/stm32f4xx_hal_tim.o
 .debug_macro   0x0000000000022444      0x33f Drivers/STM32F4xx_HAL_Driver/Src/stm32f4xx_hal_tim_ex.o
 .debug_macro   0x0000000000022783      0x340 Drivers/STM32F4xx_HAL_Driver/Src/stm32f4xx_hal_uart.o
 .debug_macro   0x0000000000022ac3      0x33f Drivers/STM32F4xx_HAL_Driver/Src/stm32f4xx_hal_wwdg.o
 .debug_macro   0x0000000000022e02      0x1ea Middlewares/Third_Party/FreeRTOS/Source/CMSIS_RTOS/cmsis_os.o
 .debug_macro   0x0000000000022fec       0x4c Middlewares/Third_Party/FreeRTOS/Source/CMSIS_RTOS/cmsis_os.o
 .debug_macro   0x0000000000023038       0x8d Middlewares/Third_Party/FreeRTOS/Source/CMSIS_RTOS/cmsis_os.o
 .debug_macro   0x00000000000230c5      0x174 Middlewares/Third_Party/FreeRTOS/Source/CMSIS_RTOS/cmsis_os.o
 .debug_macro   0x0000000000023239       0x4a Middlewares/Third_Party/FreeRTOS/Source/CMSIS_RTOS/cmsis_os.o
 .debug_macro   0x0000000000023283       0x10 Middlewares/Third_Party/FreeRTOS/Source/CMSIS_RTOS/cmsis_os.o
 .debug_macro   0x0000000000023293       0x35 Middlewares/Third_Party/FreeRTOS/Source/CMSIS_RTOS/cmsis_os.o
 .debug_macro   0x00000000000232c8       0x16 Middlewares/Third_Party/FreeRTOS/Source/CMSIS_RTOS/cmsis_os.o
 .debug_macro   0x00000000000232de       0x26 Middlewares/Third_Party/FreeRTOS/Source/CMSIS_RTOS/cmsis_os.o
 .debug_macro   0x0000000000023304      0x11f Middlewares/Third_Party/FreeRTOS/Source/CMSIS_RTOS/cmsis_os.o
 .debug_macro   0x0000000000023423      0x15d Middlewares/Third_Party/FreeRTOS/Source/CMSIS_RTOS/cmsis_os.o
 .debug_macro   0x0000000000023580       0xdd Middlewares/Third_Party/FreeRTOS/Source/CMSIS_RTOS/cmsis_os.o
 .debug_macro   0x000000000002365d       0x10 Middlewares/Third_Party/FreeRTOS/Source/CMSIS_RTOS/cmsis_os.o
 .debug_macro   0x000000000002366d       0x1f Middlewares/Third_Party/FreeRTOS/Source/CMSIS_RTOS/cmsis_os.o
 .debug_macro   0x000000000002368c      0x330 Middlewares/Third_Party/FreeRTOS/Source/CMSIS_RTOS/cmsis_os.o
 .debug_macro   0x00000000000239bc       0xc0 Middlewares/Third_Party/FreeRTOS/Source/CMSIS_RTOS/cmsis_os.o