###############################################################################
#
# IAR ELF Linker V8.11.1.13263/W32 for ARM                01/May/2017  18:22:46
# Copyright 2007-2017 IAR Systems AB.
#
#    Output file  =  
#        E:\Workspaces\James\Firmware_46_SW4STM\Gen9_BPS_46\EWARM\Gen9_BPS_46\Exe\Gen9_BPS_46.out
#    Map file     =  
#        E:\Workspaces\James\Firmware_46_SW4STM\Gen9_BPS_46\EWARM\Gen9_BPS_46\List\Gen9_BPS_46.map
#    Command line =  
#        -f C:\Users\James\AppData\Local\Temp\EWEE11.tmp
#        (E:\Workspaces\James\Firmware_46_SW4STM\Gen9_BPS_46\EWARM\Gen9_BPS_46\Obj\cmsis_os.o
#        E:\Workspaces\James\Firmware_46_SW4STM\Gen9_BPS_46\EWARM\Gen9_BPS_46\Obj\croutine.o
#        E:\Workspaces\James\Firmware_46_SW4STM\Gen9_BPS_46\EWARM\Gen9_BPS_46\Obj\event_groups.o
#        E:\Workspaces\James\Firmware_46_SW4STM\Gen9_BPS_46\EWARM\Gen9_BPS_46\Obj\freertos.o
#        E:\Workspaces\James\Firmware_46_SW4STM\Gen9_BPS_46\EWARM\Gen9_BPS_46\Obj\heap_4.o
#        E:\Workspaces\James\Firmware_46_SW4STM\Gen9_BPS_46\EWARM\Gen9_BPS_46\Obj\list.o
#        E:\Workspaces\James\Firmware_46_SW4STM\Gen9_BPS_46\EWARM\Gen9_BPS_46\Obj\main.o
#        E:\Workspaces\James\Firmware_46_SW4STM\Gen9_BPS_46\EWARM\Gen9_BPS_46\Obj\port.o
#        E:\Workspaces\James\Firmware_46_SW4STM\Gen9_BPS_46\EWARM\Gen9_BPS_46\Obj\portasm.o
#        E:\Workspaces\James\Firmware_46_SW4STM\Gen9_BPS_46\EWARM\Gen9_BPS_46\Obj\queue.o
#        E:\Workspaces\James\Firmware_46_SW4STM\Gen9_BPS_46\EWARM\Gen9_BPS_46\Obj\startup_stm32f446xx.o
#        E:\Workspaces\James\Firmware_46_SW4STM\Gen9_BPS_46\EWARM\Gen9_BPS_46\Obj\stm32f4xx_hal.o
#        E:\Workspaces\James\Firmware_46_SW4STM\Gen9_BPS_46\EWARM\Gen9_BPS_46\Obj\stm32f4xx_hal_adc.o
#        E:\Workspaces\James\Firmware_46_SW4STM\Gen9_BPS_46\EWARM\Gen9_BPS_46\Obj\stm32f4xx_hal_adc_ex.o
#        E:\Workspaces\James\Firmware_46_SW4STM\Gen9_BPS_46\EWARM\Gen9_BPS_46\Obj\stm32f4xx_hal_can.o
#        E:\Workspaces\James\Firmware_46_SW4STM\Gen9_BPS_46\EWARM\Gen9_BPS_46\Obj\stm32f4xx_hal_cortex.o
#        E:\Workspaces\James\Firmware_46_SW4STM\Gen9_BPS_46\EWARM\Gen9_BPS_46\Obj\stm32f4xx_hal_dma.o
#        E:\Workspaces\James\Firmware_46_SW4STM\Gen9_BPS_46\EWARM\Gen9_BPS_46\Obj\stm32f4xx_hal_dma_ex.o
#        E:\Workspaces\James\Firmware_46_SW4STM\Gen9_BPS_46\EWARM\Gen9_BPS_46\Obj\stm32f4xx_hal_flash.o
#        E:\Workspaces\James\Firmware_46_SW4STM\Gen9_BPS_46\EWARM\Gen9_BPS_46\Obj\stm32f4xx_hal_flash_ex.o
#        E:\Workspaces\James\Firmware_46_SW4STM\Gen9_BPS_46\EWARM\Gen9_BPS_46\Obj\stm32f4xx_hal_flash_ramfunc.o
#        E:\Workspaces\James\Firmware_46_SW4STM\Gen9_BPS_46\EWARM\Gen9_BPS_46\Obj\stm32f4xx_hal_gpio.o
#        E:\Workspaces\James\Firmware_46_SW4STM\Gen9_BPS_46\EWARM\Gen9_BPS_46\Obj\stm32f4xx_hal_msp.o
#        E:\Workspaces\James\Firmware_46_SW4STM\Gen9_BPS_46\EWARM\Gen9_BPS_46\Obj\stm32f4xx_hal_pwr.o
#        E:\Workspaces\James\Firmware_46_SW4STM\Gen9_BPS_46\EWARM\Gen9_BPS_46\Obj\stm32f4xx_hal_pwr_ex.o
#        E:\Workspaces\James\Firmware_46_SW4STM\Gen9_BPS_46\EWARM\Gen9_BPS_46\Obj\stm32f4xx_hal_rcc.o
#        E:\Workspaces\James\Firmware_46_SW4STM\Gen9_BPS_46\EWARM\Gen9_BPS_46\Obj\stm32f4xx_hal_rcc_ex.o
#        E:\Workspaces\James\Firmware_46_SW4STM\Gen9_BPS_46\EWARM\Gen9_BPS_46\Obj\stm32f4xx_hal_spi.o
#        E:\Workspaces\James\Firmware_46_SW4STM\Gen9_BPS_46\EWARM\Gen9_BPS_46\Obj\stm32f4xx_hal_tim.o
#        E:\Workspaces\James\Firmware_46_SW4STM\Gen9_BPS_46\EWARM\Gen9_BPS_46\Obj\stm32f4xx_hal_tim_ex.o
#        E:\Workspaces\James\Firmware_46_SW4STM\Gen9_BPS_46\EWARM\Gen9_BPS_46\Obj\stm32f4xx_hal_timebase_TIM.o
#        E:\Workspaces\James\Firmware_46_SW4STM\Gen9_BPS_46\EWARM\Gen9_BPS_46\Obj\stm32f4xx_hal_uart.o
#        E:\Workspaces\James\Firmware_46_SW4STM\Gen9_BPS_46\EWARM\Gen9_BPS_46\Obj\stm32f4xx_hal_wwdg.o
#        E:\Workspaces\James\Firmware_46_SW4STM\Gen9_BPS_46\EWARM\Gen9_BPS_46\Obj\stm32f4xx_it.o
#        E:\Workspaces\James\Firmware_46_SW4STM\Gen9_BPS_46\EWARM\Gen9_BPS_46\Obj\system_stm32f4xx.o
#        E:\Workspaces\James\Firmware_46_SW4STM\Gen9_BPS_46\EWARM\Gen9_BPS_46\Obj\tasks.o
#        E:\Workspaces\James\Firmware_46_SW4STM\Gen9_BPS_46\EWARM\Gen9_BPS_46\Obj\timers.o
#        --redirect _Printf=_PrintfFull --redirect _Scanf=_ScanfFull -o
#        E:\Workspaces\James\Firmware_46_SW4STM\Gen9_BPS_46\EWARM\Gen9_BPS_46\Exe\Gen9_BPS_46.out
#        --map
#        E:\Workspaces\James\Firmware_46_SW4STM\Gen9_BPS_46\EWARM\Gen9_BPS_46\List\Gen9_BPS_46.map
#        --config
#        E:\Workspaces\James\Firmware_46_SW4STM\Gen9_BPS_46\EWARM/stm32f446xx_flash.icf
#        --semihosting --entry __iar_program_start --vfe --text_out locale)
#
###############################################################################

*******************************************************************************
*** MESSAGES
***

Error[Li005]: no definition for "Serial2_begin" [referenced from E:\Workspaces\
          James\Firmware_46_SW4STM\Gen9_BPS_46\EWARM\Gen9_BPS_46\Obj\main.o]
Error[Li005]: no definition for "Serial2_writeBytes" [referenced from E:\Worksp
          aces\James\Firmware_46_SW4STM\Gen9_BPS_46\EWARM\Gen9_BPS_46\Obj\main.
          o]
Error[Li005]: no definition for "bxCan_begin" [referenced from E:\Workspaces\Ja
          mes\Firmware_46_SW4STM\Gen9_BPS_46\EWARM\Gen9_BPS_46\Obj\main.o]
Error[Li005]: no definition for "bxCan_addMaskedFilterStd" [referenced from E:\
          Workspaces\James\Firmware_46_SW4STM\Gen9_BPS_46\EWARM\Gen9_BPS_46\Obj
          \main.o]
Error[Li005]: no definition for "Temp_begin" [referenced from E:\Workspaces\Jam
          es\Firmware_46_SW4STM\Gen9_BPS_46\EWARM\Gen9_BPS_46\Obj\main.o]
Error[Li005]: no definition for "ltc68041_Initialize" [referenced from E:\Works
          paces\James\Firmware_46_SW4STM\Gen9_BPS_46\EWARM\Gen9_BPS_46\Obj\main
          .o]
Error[Li005]: no definition for "getReading" [referenced from E:\Workspaces\Jam
          es\Firmware_46_SW4STM\Gen9_BPS_46\EWARM\Gen9_BPS_46\Obj\main.o]
Error[Li005]: no definition for "assert_bps_fault" [referenced from E:\Workspac
          es\James\Firmware_46_SW4STM\Gen9_BPS_46\EWARM\Gen9_BPS_46\Obj\main.o]
Error[Li005]: no definition for "bxCan_sendFrame" [referenced from E:\Workspace
          s\James\Firmware_46_SW4STM\Gen9_BPS_46\EWARM\Gen9_BPS_46\Obj\main.o]
Error[Li005]: no definition for "ltc68041_clearCell" [referenced from E:\Worksp
          aces\James\Firmware_46_SW4STM\Gen9_BPS_46\EWARM\Gen9_BPS_46\Obj\main.
          o]
Error[Li005]: no definition for "ltc68041_startCVConv" [referenced from E:\Work
          spaces\James\Firmware_46_SW4STM\Gen9_BPS_46\EWARM\Gen9_BPS_46\Obj\mai
          n.o]
Error[Li005]: no definition for "wakeup_sleep" [referenced from E:\Workspaces\J
          ames\Firmware_46_SW4STM\Gen9_BPS_46\EWARM\Gen9_BPS_46\Obj\main.o]
Error[Li005]: no definition for "ltc68041_parseCV" [referenced from E:\Workspac
          es\James\Firmware_46_SW4STM\Gen9_BPS_46\EWARM\Gen9_BPS_46\Obj\main.o]
Error[Li005]: no definition for "ltc68041_readRegGroup" [referenced from E:\Wor
          kspaces\James\Firmware_46_SW4STM\Gen9_BPS_46\EWARM\Gen9_BPS_46\Obj\ma
          in.o]
Error[Li005]: no definition for "mcp3909_sleep" [referenced from E:\Workspaces\
          James\Firmware_46_SW4STM\Gen9_BPS_46\EWARM\Gen9_BPS_46\Obj\main.o]
Error[Li005]: no definition for "mcp3909_wakeup" [referenced from E:\Workspaces
          \James\Firmware_46_SW4STM\Gen9_BPS_46\EWARM\Gen9_BPS_46\Obj\main.o]
Error[Li005]: no definition for "mcp3909_parseChannelData" [referenced from E:\
          Workspaces\James\Firmware_46_SW4STM\Gen9_BPS_46\EWARM\Gen9_BPS_46\Obj
          \main.o]
Error[Li005]: no definition for "Can_Processor" [referenced from E:\Workspaces\
          James\Firmware_46_SW4STM\Gen9_BPS_46\EWARM\Gen9_BPS_46\Obj\main.o]
Error[Li005]: no definition for "getSelfState" [referenced from E:\Workspaces\J
          ames\Firmware_46_SW4STM\Gen9_BPS_46\EWARM\Gen9_BPS_46\Obj\main.o]
Error[Li005]: no definition for "mcp3909_init" [referenced from E:\Workspaces\J
          ames\Firmware_46_SW4STM\Gen9_BPS_46\EWARM\Gen9_BPS_46\Obj\main.o]
Error[Li005]: no definition for "mcp3909_readAllChannels" [referenced from E:\W
          orkspaces\James\Firmware_46_SW4STM\Gen9_BPS_46\EWARM\Gen9_BPS_46\Obj\
          main.o]


*******************************************************************************
*** RUNTIME MODEL ATTRIBUTES
***

CppFlavor       = *
__SystemLibrary = DLib
__dlib_version  = 6


*******************************************************************************
*** HEAP SELECTION
***

The basic heap was selected because no calls to memory allocation
functions were found in the application outside of system library
functions, and there are calls to deallocation functions in the
application.


*******************************************************************************
*** PLACEMENT SUMMARY
***

"A0":  place at 0x08000000 { ro section .intvec };
"P1":  place in [from 0x08000000 to 0x0807ffff] { ro };
"P2":  place in [from 0x20000000 to 0x2001ffff] { rw, block CSTACK, block HEAP };
initialize by copy { rw };

  Section            Kind        Address     Size  Object
  -------            ----        -------     ----  ------
"A0":                                       0x1c4
  .intvec            ro code  0x08000000    0x1c4  startup_stm32f446xx.o [1]
                            - 0x080001c4    0x1c4

"P1":                                      0x4648
  .text              ro code  0x080001c4    0xa78  main.o [1]
  .text              ro code  0x08000c3c     0xe8  stm32f4xx_hal_cortex.o [1]
  .text              ro code  0x08000d24    0x610  queue.o [1]
  .text              ro code  0x08001334     0x34  stm32f4xx_hal.o [1]
  .text              ro code  0x08001368    0x406  stm32f4xx_hal_uart.o [1]
  .text              ro code  0x08001770    0x290  stm32f4xx_hal_adc.o [1]
  .text              ro code  0x08001a00    0x48c  stm32f4xx_hal_can.o [1]
  .text              ro code  0x08001e8c    0x184  stm32f4xx_hal_spi.o [1]
  .text              ro code  0x08002010     0x32  stm32f4xx_hal_wwdg.o [1]
  .text              ro code  0x08002042     0x1e  stm32f4xx_hal.o [1]
  .text              ro code  0x08002060    0x14e  cmsis_os.o [1]
  .text              ro code  0x080021b0     0xa6  ABImemcpy.o [5]
  .text              ro code  0x08002258    0x388  stm32f4xx_hal_rcc_ex.o [1]
  .text              ro code  0x080025e0    0x1b0  stm32f4xx_hal_rcc.o [1]
  .text              ro code  0x08002790    0x1d4  stm32f4xx_hal_gpio.o [1]
  .text              ro code  0x08002964    0x1f0  port.o [1]
  .text              ro code  0x08002b54     0x10  stm32f4xx_hal.o [1]
  .text              ro code  0x08002b64     0x8e  list.o [1]
  .text              ro code  0x08002bf4    0x1b4  heap_4.o [1]
  .text              ro code  0x08002da8    0x828  tasks.o [1]
  .text              ro code  0x080035d0     0x7c  stm32f4xx_hal_timebase_TIM.o [1]
  .text              ro code  0x0800364c    0x450  stm32f4xx_hal_msp.o [1]
  .text              ro code  0x08003a9c    0x2fc  stm32f4xx_hal_dma.o [1]
  .text              ro code  0x08003d98      0x2  stm32f4xx_hal_uart.o [1]
  .text              ro code  0x08003d9a      0x2  stm32f4xx_hal_uart.o [1]
  .text              ro code  0x08003d9c      0x2  stm32f4xx_hal_uart.o [1]
  .text              ro code  0x08003da0      0xc  stm32f4xx_hal.o [1]
  .text              ro code  0x08003dac      0x2  stm32f4xx_hal_can.o [1]
  .text              ro code  0x08003dae      0x2  stm32f4xx_hal_can.o [1]
  .text              ro code  0x08003db0      0x2  stm32f4xx_hal_can.o [1]
  .text              ro code  0x08003db2      0x2  stm32f4xx_hal_spi.o [1]
  .text              ro code  0x08003db4    0x360  timers.o [1]
  CODE               ro code  0x08004114     0xa8  portasm.o [1]
  .text              ro code  0x080041bc      0x2  freertos.o [1]
  .text              ro code  0x080041c0     0x3a  ABImemset48.o [5]
  .text              ro code  0x080041fa      0x2  freertos.o [1]
  .text              ro code  0x080041fc    0x25a  stm32f4xx_hal_tim.o [1]
  .text              ro code  0x08004456      0x2  stm32f4xx_hal_tim.o [1]
  .text              ro code  0x08004458      0x2  stm32f4xx_hal_tim.o [1]
  .text              ro code  0x0800445a      0x2  stm32f4xx_hal_tim_ex.o [1]
  .text              ro code  0x0800445c      0x2  stm32f4xx_hal_tim.o [1]
  .text              ro code  0x0800445e      0x2  stm32f4xx_hal_tim_ex.o [1]
  .text              ro code  0x08004460      0x2  stm32f4xx_hal_tim.o [1]
  .text              ro code  0x08004464     0x9c  stm32f4xx_it.o [1]
  .text              ro code  0x08004500     0x60  system_stm32f4xx.o [1]
  .text              ro code  0x08004560     0x40  zero_init3.o [5]
  .text              ro code  0x080045a0     0x2c  copy_init3.o [5]
  .rodata            const    0x080045cc     0x28  main.o [1]
  .text              ro code  0x080045f4     0x28  data_init.o [5]
  .text              ro code  0x0800461c     0x22  fpinit_M.o [4]
  .iar.init_table    const    0x08004640     0x24  - Linker created -
  .text              ro code  0x08004664     0x1a  cmain.o [5]
  .text              ro code  0x0800467e      0x4  low_level_init.o [3]
  .text              ro code  0x08004682      0x4  exit.o [3]
  .text              ro code  0x08004688      0xa  cexit.o [5]
  .text              ro code  0x08004694     0x14  exit.o [6]
  .text              ro code  0x080046a8     0x10  startup_stm32f446xx.o [1]
  Initializer bytes  const    0x080046b8     0x10  <for P2-1> (used: 0x0)
  .text              ro code  0x080046c8      0xc  cstartup_M.o [5]
  .rodata            const    0x080046d4      0x8  system_stm32f4xx.o [1]
  .text              ro code  0x080046dc      0x4  startup_stm32f446xx.o [1]
  .text              ro code  0x080046e0      0x4  startup_stm32f446xx.o [1]
  .text              ro code  0x080046e4      0x4  startup_stm32f446xx.o [1]
  .text              ro code  0x080046e8      0x4  startup_stm32f446xx.o [1]
  .text              ro code  0x080046ec      0x4  startup_stm32f446xx.o [1]
  .text              ro code  0x080046f0      0x4  startup_stm32f446xx.o [1]
  .text              ro code  0x080046f4      0x4  startup_stm32f446xx.o [1]
  .text              ro code  0x080046f8      0x4  startup_stm32f446xx.o [1]
  .text              ro code  0x080046fc      0x4  startup_stm32f446xx.o [1]
  .text              ro code  0x08004700      0x4  startup_stm32f446xx.o [1]
  .text              ro code  0x08004704      0x4  startup_stm32f446xx.o [1]
  .text              ro code  0x08004708      0x4  startup_stm32f446xx.o [1]
  .text              ro code  0x0800470c      0x4  startup_stm32f446xx.o [1]
  .text              ro code  0x08004710      0x4  startup_stm32f446xx.o [1]
  .text              ro code  0x08004714      0x4  startup_stm32f446xx.o [1]
  .text              ro code  0x08004718      0x4  startup_stm32f446xx.o [1]
  .text              ro code  0x0800471c      0x4  startup_stm32f446xx.o [1]
  .text              ro code  0x08004720      0x4  startup_stm32f446xx.o [1]
  .text              ro code  0x08004724      0x4  startup_stm32f446xx.o [1]
  .text              ro code  0x08004728      0x4  startup_stm32f446xx.o [1]
  .text              ro code  0x0800472c      0x4  startup_stm32f446xx.o [1]
  .text              ro code  0x08004730      0x4  startup_stm32f446xx.o [1]
  .text              ro code  0x08004734      0x4  startup_stm32f446xx.o [1]
  .text              ro code  0x08004738      0x4  startup_stm32f446xx.o [1]
  .text              ro code  0x0800473c      0x4  startup_stm32f446xx.o [1]
  .text              ro code  0x08004740      0x4  startup_stm32f446xx.o [1]
  .text              ro code  0x08004744      0x4  startup_stm32f446xx.o [1]
  .text              ro code  0x08004748      0x4  startup_stm32f446xx.o [1]
  .text              ro code  0x0800474c      0x4  startup_stm32f446xx.o [1]
  .text              ro code  0x08004750      0x4  startup_stm32f446xx.o [1]
  .text              ro code  0x08004754      0x4  startup_stm32f446xx.o [1]
  .text              ro code  0x08004758      0x4  startup_stm32f446xx.o [1]
  .text              ro code  0x0800475c      0x4  startup_stm32f446xx.o [1]
  .text              ro code  0x08004760      0x4  startup_stm32f446xx.o [1]
  .text              ro code  0x08004764      0x4  startup_stm32f446xx.o [1]
  .text              ro code  0x08004768      0x4  startup_stm32f446xx.o [1]
  .text              ro code  0x0800476c      0x4  startup_stm32f446xx.o [1]
  .text              ro code  0x08004770      0x4  startup_stm32f446xx.o [1]
  .text              ro code  0x08004774      0x4  startup_stm32f446xx.o [1]
  .text              ro code  0x08004778      0x4  startup_stm32f446xx.o [1]
  .text              ro code  0x0800477c      0x4  startup_stm32f446xx.o [1]
  .text              ro code  0x08004780      0x4  startup_stm32f446xx.o [1]
  .text              ro code  0x08004784      0x4  startup_stm32f446xx.o [1]
  .text              ro code  0x08004788      0x4  startup_stm32f446xx.o [1]
  .text              ro code  0x0800478c      0x4  startup_stm32f446xx.o [1]
  .text              ro code  0x08004790      0x4  startup_stm32f446xx.o [1]
  .text              ro code  0x08004794      0x4  startup_stm32f446xx.o [1]
  .text              ro code  0x08004798      0x4  startup_stm32f446xx.o [1]
  .text              ro code  0x0800479c      0x4  startup_stm32f446xx.o [1]
  .text              ro code  0x080047a0      0x4  startup_stm32f446xx.o [1]
  .text              ro code  0x080047a4      0x4  startup_stm32f446xx.o [1]
  .text              ro code  0x080047a8      0x4  startup_stm32f446xx.o [1]
  .text              ro code  0x080047ac      0x4  startup_stm32f446xx.o [1]
  .text              ro code  0x080047b0      0x4  startup_stm32f446xx.o [1]
  .text              ro code  0x080047b4      0x4  startup_stm32f446xx.o [1]
  .text              ro code  0x080047b8      0x4  startup_stm32f446xx.o [1]
  .text              ro code  0x080047bc      0x4  startup_stm32f446xx.o [1]
  .text              ro code  0x080047c0      0x4  startup_stm32f446xx.o [1]
  .text              ro code  0x080047c4      0x4  startup_stm32f446xx.o [1]
  .text              ro code  0x080047c8      0x4  startup_stm32f446xx.o [1]
  .text              ro code  0x080047cc      0x4  startup_stm32f446xx.o [1]
  .text              ro code  0x080047d0      0x4  startup_stm32f446xx.o [1]
  .text              ro code  0x080047d4      0x4  startup_stm32f446xx.o [1]
  .text              ro code  0x080047d8      0x4  startup_stm32f446xx.o [1]
  .text              ro code  0x080047dc      0x4  startup_stm32f446xx.o [1]
  .text              ro code  0x080047e0      0x4  startup_stm32f446xx.o [1]
  .text              ro code  0x080047e4      0x4  startup_stm32f446xx.o [1]
  .text              ro code  0x080047e8      0x4  startup_stm32f446xx.o [1]
  .text              ro code  0x080047ec      0x4  startup_stm32f446xx.o [1]
  .text              ro code  0x080047f0      0x4  startup_stm32f446xx.o [1]
  .text              ro code  0x080047f4      0x4  startup_stm32f446xx.o [1]
  .text              ro code  0x080047f8      0x4  startup_stm32f446xx.o [1]
  .text              ro code  0x080047fc      0x4  startup_stm32f446xx.o [1]
  .text              ro code  0x08004800      0x4  startup_stm32f446xx.o [1]
  .text              ro code  0x08004804      0x4  startup_stm32f446xx.o [1]
  .text              ro code  0x08004808      0x4  startup_stm32f446xx.o [1]
  .rodata            const    0x0800480c      0x0  zero_init3.o [5]
  .rodata            const    0x0800480c      0x0  copy_init3.o [5]
                            - 0x0800480c   0x4648

"P2", part 1 of 3:                           0x10
  P2-1                        0x20000000     0x10  <Init block>
    .data            inited   0x20000000      0xc  port.o [1]
    .data            inited   0x2000000c      0x4  system_stm32f4xx.o [1]
                            - 0x20000010     0x10

"P2", part 2 of 3:                          0x400
  CSTACK                      0x20000010    0x400  <Block>
    CSTACK           uninit   0x20000010    0x400  <Block tail>
                            - 0x20000410    0x400

"P2", part 3 of 3:                        0x10858
  .bss               zero     0x20000410  0x10018  heap_4.o [1]
  .bss               zero     0x20010428    0x14c  main.o [1]
  .bss               zero     0x20010574     0xec  main.o [1]
  .bss               zero     0x20010660     0xc8  main.o [1]
  .bss               zero     0x20010728     0xa0  tasks.o [1]
  .bss               zero     0x200107c8     0x8c  tasks.o [1]
  .bss               zero     0x20010854     0x64  main.o [1]
  .bss               zero     0x200108b8     0x60  main.o [1]
  .bss               zero     0x20010918     0x60  main.o [1]
  .bss               zero     0x20010978     0x60  main.o [1]
  .bss               zero     0x200109d8     0x60  main.o [1]
  .bss               zero     0x20010a38     0x60  main.o [1]
  .bss               zero     0x20010a98     0x60  main.o [1]
  .bss               zero     0x20010af8     0x60  main.o [1]
  .bss               zero     0x20010b58     0x40  queue.o [1]
  .bss               zero     0x20010b98     0x3c  stm32f4xx_hal_timebase_TIM.o [1]
  .bss               zero     0x20010bd4     0x3c  timers.o [1]
  .bss               zero     0x20010c10     0x18  main.o [1]
  .bss               zero     0x20010c28     0x14  main.o [1]
  .bss               zero     0x20010c3c     0x14  main.o [1]
  .bss               zero     0x20010c50     0x14  main.o [1]
  .bss               zero     0x20010c64      0x4  stm32f4xx_hal.o [1]
                            - 0x20010c68  0x10858


*******************************************************************************
*** INIT TABLE
***

          Address     Size
          -------     ----
Zero (__iar_zero_init3)
    1 destination range, total size 0x10858:
          0x20000410  0x10858

Copy (__iar_copy_init3)
    1 source range, total size 0x10:
          0x080046b8     0x10
    1 destination range, total size 0x10:
          0x20000000     0x10



*******************************************************************************
*** MODULE SUMMARY
***

    Module                        ro code  ro data  rw data
    ------                        -------  -------  -------
E:\Workspaces\James\Firmware_46_SW4STM\Gen9_BPS_46\EWARM\Gen9_BPS_46\Obj: [1]
    cmsis_os.o                        334
    freertos.o                          4
    heap_4.o                          436            65 560
    list.o                            142
    main.o                          2 680       40    1 624
    port.o                            496       12       12
    portasm.o                         168
    queue.o                         1 552                64
    startup_stm32f446xx.o             772
    stm32f4xx_hal.o                   110                 4
    stm32f4xx_hal_adc.o               656
    stm32f4xx_hal_can.o             1 170
    stm32f4xx_hal_cortex.o            232
    stm32f4xx_hal_dma.o               764
    stm32f4xx_hal_gpio.o              468
    stm32f4xx_hal_msp.o             1 104
    stm32f4xx_hal_rcc.o               432
    stm32f4xx_hal_rcc_ex.o            904
    stm32f4xx_hal_spi.o               390
    stm32f4xx_hal_tim.o               610
    stm32f4xx_hal_tim_ex.o              4
    stm32f4xx_hal_timebase_TIM.o      124                60
    stm32f4xx_hal_uart.o            1 036
    stm32f4xx_hal_wwdg.o               50
    stm32f4xx_it.o                    156
    system_stm32f4xx.o                 96       12        4
    tasks.o                         2 088               300
    timers.o                          864                60
    -------------------------------------------------------
    Total:                         17 842       64   67 688

command line: [2]
    -------------------------------------------------------
    Total:

dl7M_tlf.a: [3]
    exit.o                              4
    low_level_init.o                    4
    -------------------------------------------------------
    Total:                              8

m7M_tls.a: [4]
    fpinit_M.o                         34
    -------------------------------------------------------
    Total:                             34

rt7M_tl.a: [5]
    ABImemcpy.o                       166
    ABImemset48.o                      58
    cexit.o                            10
    cmain.o                            26
    copy_init3.o                       44
    cstartup_M.o                       12
    data_init.o                        40
    zero_init3.o                       64
    -------------------------------------------------------
    Total:                            420

shb_l.a: [6]
    exit.o                             20
    -------------------------------------------------------
    Total:                             20

    Gaps                               18        2
    Linker created                              36    1 024
-----------------------------------------------------------
    Grand Total:                   18 342      102   68 712


*******************************************************************************
*** ENTRY LIST
***

Entry                      Address     Size  Type      Object
-----                      -------     ----  ----      ------
.iar.init_table$$Base   0x08004640            --   Gb  - Linker created -
.iar.init_table$$Limit  0x08004664            --   Gb  - Linker created -
?main                   0x08004665           Code  Gb  cmain.o [5]
ADC_Init                0x080018f3     0xf4  Code  Lc  stm32f4xx_hal_adc.o [1]
AHBPrescTable           0x08004550     0x10  Data  Gb  system_stm32f4xx.o [1]
APBPrescTable           0x080046d4      0x8  Data  Gb  system_stm32f4xx.o [1]
ApplicationHandle       0x2001054c      0x4  Data  Gb  main.o [1]
CAN1_RX0_IRQHandler     0x08004489      0x2  Code  Gb  stm32f4xx_it.o [1]
CAN1_RX1_IRQHandler     0x08004491      0x2  Code  Gb  stm32f4xx_it.o [1]
CAN1_SCE_IRQHandler     0x08004493      0x2  Code  Gb  stm32f4xx_it.o [1]
CAN1_TX_IRQHandler      0x08004487      0x2  Code  Gb  stm32f4xx_it.o [1]
CAN_Receive_IT          0x08001d59    0x12a  Code  Lc  stm32f4xx_hal_can.o [1]
CSTACK$$Base            0x20000010            --   Gb  - Linker created -
CSTACK$$Limit           0x20000410            --   Gb  - Linker created -
Can_ProcessorHandle     0x20010550      0x4  Data  Gb  main.o [1]
DMA1_Stream0_IRQHandler
                        0x08004469      0x6  Code  Gb  stm32f4xx_it.o [1]
DMA1_Stream3_IRQHandler
                        0x0800446f      0x6  Code  Gb  stm32f4xx_it.o [1]
DMA1_Stream4_IRQHandler
                        0x08004475      0x6  Code  Gb  stm32f4xx_it.o [1]
DMA1_Stream5_IRQHandler
                        0x0800447b      0x6  Code  Gb  stm32f4xx_it.o [1]
DMA1_Stream6_IRQHandler
                        0x08004481      0x6  Code  Gb  stm32f4xx_it.o [1]
DMA1_Stream7_IRQHandler
                        0x080044b7      0x6  Code  Gb  stm32f4xx_it.o [1]
DMA2_Stream0_IRQHandler
                        0x080044c9      0x6  Code  Gb  stm32f4xx_it.o [1]
DMA_CalcBaseAndBitshift
                        0x08003d69     0x26  Code  Lc  stm32f4xx_hal_dma.o [1]
DMA_CalcBaseAndBitshift::flagBitshiftOffset
                        0x08003d90      0x8  Data  Lc  stm32f4xx_hal_dma.o [1]
EM_Init                 0x080001f5     0x4a  Code  Gb  main.o [1]
EXTI9_5_IRQHandler      0x08004495     0x16  Code  Gb  stm32f4xx_it.o [1]
Error_Handler           0x08000b9d      0x2  Code  Gb  main.o [1]
HAL_ADC_ConfigChannel   0x080017c1    0x11c  Code  Gb  stm32f4xx_hal_adc.o [1]
HAL_ADC_Init            0x08001771     0x50  Code  Gb  stm32f4xx_hal_adc.o [1]
HAL_ADC_MspInit         0x080036ad     0x88  Code  Gb  stm32f4xx_hal_msp.o [1]
HAL_CAN_IRQHandler      0x08001b53    0x1ea  Code  Gb  stm32f4xx_hal_can.o [1]
HAL_CAN_Init            0x08001a01    0x146  Code  Gb  stm32f4xx_hal_can.o [1]
HAL_CAN_MspInit         0x08003735     0x7c  Code  Gb  stm32f4xx_hal_msp.o [1]
HAL_DMA_Abort_IT        0x08003b81     0x24  Code  Gb  stm32f4xx_hal_dma.o [1]
HAL_DMA_IRQHandler      0x08003ba5    0x176  Code  Gb  stm32f4xx_hal_dma.o [1]
HAL_DMA_Init            0x08003a9d     0xe4  Code  Gb  stm32f4xx_hal_dma.o [1]
HAL_Delay               0x08002043     0x1e  Code  Wk  stm32f4xx_hal.o [1]
HAL_GPIO_EXTI_Callback  0x080001c5     0x30  Code  Gb  main.o [1]
HAL_GPIO_EXTI_IRQHandler
                        0x08002929     0x10  Code  Gb  stm32f4xx_hal_gpio.o [1]
HAL_GPIO_Init           0x08002791    0x190  Code  Gb  stm32f4xx_hal_gpio.o [1]
HAL_GPIO_WritePin       0x08002921      0x8  Code  Gb  stm32f4xx_hal_gpio.o [1]
HAL_GetTick             0x08003da1      0xc  Code  Wk  stm32f4xx_hal.o [1]
HAL_IncTick             0x08002b55     0x10  Code  Wk  stm32f4xx_hal.o [1]
HAL_Init                0x08001335     0x30  Code  Gb  stm32f4xx_hal.o [1]
HAL_InitTick            0x080035d1     0x6c  Code  Gb  stm32f4xx_hal_timebase_TIM.o [1]
HAL_MspInit             0x0800364d     0x60  Code  Gb  stm32f4xx_hal_msp.o [1]
HAL_NVIC_DisableIRQ     0x08000cb5      0x8  Code  Gb  stm32f4xx_hal_cortex.o [1]
HAL_NVIC_EnableIRQ      0x08000cab      0xa  Code  Gb  stm32f4xx_hal_cortex.o [1]
HAL_NVIC_SetPriority    0x08000c71     0x3a  Code  Gb  stm32f4xx_hal_cortex.o [1]
HAL_NVIC_SetPriorityGrouping
                        0x08000c57     0x1a  Code  Gb  stm32f4xx_hal_cortex.o [1]
HAL_RCC_ClockConfig     0x080025e1    0x12a  Code  Gb  stm32f4xx_hal_rcc.o [1]
HAL_RCC_GetClockConfig  0x08002743     0x36  Code  Gb  stm32f4xx_hal_rcc.o [1]
HAL_RCC_GetHCLKFreq     0x08002719      0x6  Code  Gb  stm32f4xx_hal_rcc.o [1]
HAL_RCC_GetPCLK1Freq    0x0800271f     0x10  Code  Gb  stm32f4xx_hal_rcc.o [1]
HAL_RCC_GetPCLK2Freq    0x0800272f      0xe  Code  Gb  stm32f4xx_hal_rcc.o [1]
HAL_RCC_GetSysClockFreq
                        0x08002259     0x84  Code  Gb  stm32f4xx_hal_rcc_ex.o [1]
HAL_RCC_OscConfig       0x080022dd    0x2cc  Code  Gb  stm32f4xx_hal_rcc_ex.o [1]
HAL_SPI_IRQHandler      0x08001f11     0xf4  Code  Gb  stm32f4xx_hal_spi.o [1]
HAL_SPI_Init            0x08001e8d     0x78  Code  Gb  stm32f4xx_hal_spi.o [1]
HAL_SPI_MspInit         0x080037cd    0x166  Code  Gb  stm32f4xx_hal_msp.o [1]
HAL_SYSTICK_CLKSourceConfig
                        0x08000cef     0x1a  Code  Gb  stm32f4xx_hal_cortex.o [1]
HAL_SYSTICK_Config      0x08000cc7     0x28  Code  Gb  stm32f4xx_hal_cortex.o [1]
HAL_TIMEx_BreakCallback
                        0x0800445b      0x2  Code  Wk  stm32f4xx_hal_tim_ex.o [1]
HAL_TIMEx_CommutationCallback
                        0x0800445f      0x2  Code  Wk  stm32f4xx_hal_tim_ex.o [1]
HAL_TIM_Base_Init       0x080041fd     0x1a  Code  Gb  stm32f4xx_hal_tim.o [1]
HAL_TIM_Base_Start_IT   0x08004217     0x16  Code  Gb  stm32f4xx_hal_tim.o [1]
HAL_TIM_IRQHandler      0x08004251    0x142  Code  Gb  stm32f4xx_hal_tim.o [1]
HAL_TIM_PeriodElapsedCallback
                        0x08000b21      0xe  Code  Gb  main.o [1]
HAL_UART_IRQHandler     0x080013e7    0x152  Code  Gb  stm32f4xx_hal_uart.o [1]
HAL_UART_Init           0x08001369     0x20  Code  Gb  stm32f4xx_hal_uart.o [1]
HAL_UART_MspInit        0x0800395f     0xae  Code  Gb  stm32f4xx_hal_msp.o [1]
HAL_WWDG_Init           0x08002011     0x28  Code  Gb  stm32f4xx_hal_wwdg.o [1]
HAL_WWDG_MspInit        0x08003a1f     0x26  Code  Gb  stm32f4xx_hal_msp.o [1]
HAL_WWDG_Refresh        0x08002039      0xa  Code  Gb  stm32f4xx_hal_wwdg.o [1]
HBTmrHandle             0x2001056c      0x4  Data  Gb  main.o [1]
MX_GPIO_Init            0x080006a9    0x14c  Code  Lc  main.o [1]
NVIC_SetPriority        0x08000c3d     0x1a  Code  Lc  stm32f4xx_hal_cortex.o [1]
PendSV_Handler          0x08004115           Code  Gb  portasm.o [1]
RTHandle                0x20010554      0x4  Data  Gb  main.o [1]
Region$$Table$$Base     0x08004640            --   Gb  - Linker created -
Region$$Table$$Limit    0x08004664            --   Gb  - Linker created -
SMTHandle               0x20010558      0x4  Data  Gb  main.o [1]
SPI2_IRQHandler         0x080044ab      0x6  Code  Gb  stm32f4xx_it.o [1]
SPI3_IRQHandler         0x080044bd      0x6  Code  Gb  stm32f4xx_it.o [1]
SPI_DMAAbortOnError     0x08002005      0xc  Code  Lc  stm32f4xx_hal_spi.o [1]
SVC_Handler             0x0800416d           Code  Gb  portasm.o [1]
SysTick_Handler         0x08004465      0x4  Code  Gb  stm32f4xx_it.o [1]
SystemClock_Config      0x080005fb     0xae  Code  Gb  main.o [1]
SystemCoreClock         0x2000000c      0x4  Data  Gb  system_stm32f4xx.o [1]
SystemInit              0x08004501     0x3a  Code  Gb  system_stm32f4xx.o [1]
TIM6_DAC_IRQHandler     0x080044c3      0x6  Code  Gb  stm32f4xx_it.o [1]
TIM_Base_SetConfig      0x08004399     0x8e  Code  Gb  stm32f4xx_hal_tim.o [1]
TMTHandle               0x2001055c      0x4  Data  Gb  main.o [1]
TmrKickDog              0x08000aab     0x14  Code  Gb  main.o [1]
TmrSendHB               0x08000abf     0x62  Code  Gb  main.o [1]
TmrSendHB::newFrame     0x20010c50     0x14  Data  Lc  main.o [1]
UART_DMAAbortOnError    0x08001555      0xc  Code  Lc  stm32f4xx_hal_uart.o [1]
UART_EndRxTransfer      0x08001539     0x1c  Code  Lc  stm32f4xx_hal_uart.o [1]
UART_Receive_IT         0x08001561     0x8c  Code  Lc  stm32f4xx_hal_uart.o [1]
UART_SetConfig          0x080015ed    0x13a  Code  Lc  stm32f4xx_hal_uart.o [1]
USART2_IRQHandler       0x080044b1      0x6  Code  Gb  stm32f4xx_it.o [1]
WWDGTmrHandle           0x20010568      0x4  Data  Gb  main.o [1]
__aeabi_memcpy          0x080021b1           Code  Gb  ABImemcpy.o [5]
__aeabi_memcpy4         0x080021d1           Code  Gb  ABImemcpy.o [5]
__aeabi_memcpy8         0x080021d1           Code  Gb  ABImemcpy.o [5]
__aeabi_memset4         0x080041c1           Code  Gb  ABImemset48.o [5]
__aeabi_memset8         0x080041c1           Code  Gb  ABImemset48.o [5]
__cmain                 0x08004665           Code  Gb  cmain.o [5]
__exit                  0x08004695     0x14  Code  Gb  exit.o [6]
__iar_Memset4_word      0x080041c9           Code  Gb  ABImemset48.o [5]
__iar_Memset8_word      0x080041c9           Code  Gb  ABImemset48.o [5]
__iar_copy_init3        0x080045a1     0x2c  Code  Gb  copy_init3.o [5]
__iar_data_init3        0x080045f5     0x28  Code  Gb  data_init.o [5]
__iar_init_vfp          0x0800461d           Code  Gb  fpinit_M.o [4]
__iar_program_start     0x080046c9           Code  Gb  cstartup_M.o [5]
__iar_systems$$module {Abs}
                        0x00000001           Data  Gb  command line/config [2]
__iar_zero_init3        0x08004561     0x40  Code  Gb  zero_init3.o [5]
__low_level_init        0x0800467f      0x4  Code  Gb  low_level_init.o [3]
__vector_table          0x08000000           Data  Gb  startup_stm32f446xx.o [1]
_call_main              0x08004671           Code  Gb  cmain.o [5]
_exit                   0x08004689           Code  Gb  cexit.o [5]
_main                   0x0800467b           Code  Gb  cmain.o [5]
bmsTRxCompleteHandle    0x200106dc      0x4  Data  Gb  main.o [1]
doApplication           0x08000841      0xc  Code  Gb  main.o [1]
doProcessCan            0x0800084d      0x8  Code  Gb  main.o [1]
doRT                    0x08000855     0xb2  Code  Gb  main.o [1]
doRT::newFrame          0x20010c10     0x14  Data  Lc  main.o [1]
doRT::previousWaitTime  0x20010c24      0x4  Data  Lc  main.o [1]
doSMT                   0x08000913    0x106  Code  Gb  main.o [1]
doSMT::newFrame         0x20010c28     0x14  Data  Lc  main.o [1]
doTMT                   0x08000a2b     0x72  Code  Gb  main.o [1]
doTMT::newFrame         0x20010c3c     0x14  Data  Lc  main.o [1]
exit                    0x08004683      0x4  Code  Gb  exit.o [3]
hadc1                   0x20010428     0x48  Data  Gb  main.o [1]
hbms1                   0x20010574     0xec  Data  Gb  main.o [1]
hcan1                   0x20010470     0x44  Data  Gb  main.o [1]
hdma_adc1               0x200108b8     0x60  Data  Gb  main.o [1]
hdma_spi2_rx            0x20010918     0x60  Data  Gb  main.o [1]
hdma_spi2_tx            0x20010978     0x60  Data  Gb  main.o [1]
hdma_spi3_rx            0x200109d8     0x60  Data  Gb  main.o [1]
hdma_spi3_tx            0x20010a38     0x60  Data  Gb  main.o [1]
hdma_usart2_rx          0x20010a98     0x60  Data  Gb  main.o [1]
hdma_usart2_tx          0x20010af8     0x60  Data  Gb  main.o [1]
hmcp1                   0x20010854     0x64  Data  Gb  main.o [1]
hspi2                   0x20010664     0x58  Data  Gb  main.o [1]
hspi3                   0x200104b4     0x58  Data  Gb  main.o [1]
htim6                   0x20010b98     0x3c  Data  Gb  stm32f4xx_hal_timebase_TIM.o [1]
huart2                  0x2001050c     0x40  Data  Gb  main.o [1]
hwwdg                   0x200106bc     0x14  Data  Gb  main.o [1]
inHandlerMode           0x0800206d      0xc  Code  Lc  cmsis_os.o [1]
init_Done               0x20010660      0x1  Data  Gb  main.o [1]
main                    0x0800023f    0x3b0  Code  Gb  main.o [1]
mainCanRxQHandle        0x20010564      0x4  Data  Gb  main.o [1]
mainCanTxQHandle        0x20010560      0x4  Data  Gb  main.o [1]
makeFreeRtosPriority    0x08002061      0xc  Code  Lc  cmsis_os.o [1]
mcp3909_DRHandle        0x200106d4      0x4  Data  Gb  main.o [1]
mcp3909_RXHandle        0x200106d8      0x4  Data  Gb  main.o [1]
mcpRxBuf                0x200106e0     0x24  Data  Gb  main.o [1]
mcpTxBuf                0x20010704     0x24  Data  Gb  main.o [1]
osDelay                 0x080020c9      0xe  Code  Gb  cmsis_os.o [1]
osDelayUntil            0x080021a1      0xe  Code  Gb  cmsis_os.o [1]
osKernelStart           0x08002079      0xa  Code  Gb  cmsis_os.o [1]
osKernelSysTick         0x08002083     0x18  Code  Gb  cmsis_os.o [1]
osMessageCreate         0x0800217d      0xa  Code  Gb  cmsis_os.o [1]
osMutexCreate           0x08002139      0x6  Code  Gb  cmsis_os.o [1]
osSemaphoreCreate       0x0800213f     0x26  Code  Gb  cmsis_os.o [1]
osSystickHandler        0x08002187     0x14  Code  Gb  cmsis_os.o [1]
osThreadCreate          0x0800209b     0x2e  Code  Gb  cmsis_os.o [1]
osTimerCreate           0x080020d7     0x1a  Code  Gb  cmsis_os.o [1]
osTimerStart            0x080020f1     0x48  Code  Gb  cmsis_os.o [1]
prvAddCurrentTaskToDelayedList
                        0x08003555     0x64  Code  Lc  tasks.o [1]
prvAddNewTaskToReadyList
                        0x08002e81     0xb4  Code  Lc  tasks.o [1]
prvCheckForValidListAndQueue
                        0x080040b7     0x46  Code  Lc  timers.o [1]
prvCopyDataFromQueue    0x08001229     0x26  Code  Lc  queue.o [1]
prvCopyDataToQueue      0x080011c1     0x68  Code  Lc  queue.o [1]
prvDeleteTCB            0x080033f5     0x14  Code  Lc  tasks.o [1]
prvIdleTask             0x0800339d     0x58  Code  Lc  tasks.o [1]
prvInitialiseNewQueue   0x08000dd1     0x16  Code  Lc  queue.o [1]
prvInitialiseNewTask    0x08002e01     0x80  Code  Lc  tasks.o [1]
prvInitialiseNewTimer   0x08003e17     0x38  Code  Lc  timers.o [1]
prvInsertBlockIntoFreeList
                        0x08002d5d     0x46  Code  Lc  heap_4.o [1]
prvInsertTimerInActiveList
                        0x08003fdb     0x34  Code  Lc  timers.o [1]
prvIsQueueEmpty         0x080012af     0x16  Code  Lc  queue.o [1]
prvProcessReceivedCommands
                        0x08004011     0xa6  Code  Lc  timers.o [1]
prvProcessTimerOrBlockTask
                        0x08003eb7     0x9a  Code  Lc  timers.o [1]
prvResetNextTaskUnblockTime
                        0x08003409     0x1c  Code  Lc  tasks.o [1]
prvSampleTimeNow        0x08003f51     0x7a  Code  Lc  timers.o [1]
prvSampleTimeNow::xLastTime
                        0x20010be4      0x4  Data  Lc  timers.o [1]
prvTaskExitError        0x0800298d     0x28  Code  Lc  port.o [1]
prvTimerTask            0x08003e99     0x1e  Code  Lc  timers.o [1]
prvUnlockQueue          0x0800124f     0x60  Code  Lc  queue.o [1]
pvPortMalloc            0x08002bf5    0x108  Code  Gb  heap_4.o [1]
pvTaskIncrementMutexHeldCount
                        0x08003543     0x12  Code  Gb  tasks.o [1]
pxCurrentTCB            0x20010750      0x4  Data  Gb  tasks.o [1]
pxCurrentTimerList      0x20010bd4      0x4  Data  Lc  timers.o [1]
pxDelayedTaskList       0x20010754      0x4  Data  Lc  tasks.o [1]
pxEnd                   0x20000418      0x4  Data  Lc  heap_4.o [1]
pxOverflowDelayedTaskList
                        0x20010758      0x4  Data  Lc  tasks.o [1]
pxOverflowTimerList     0x20010bd8      0x4  Data  Lc  timers.o [1]
pxPortInitialiseStack   0x08002965     0x26  Code  Gb  port.o [1]
pxReadyTasksLists       0x200107c8     0x8c  Data  Lc  tasks.o [1]
selfStatusWord          0x200106d0      0x4  Data  Gb  main.o [1]
swMtxHandle             0x20010570      0x4  Data  Gb  main.o [1]
ucHeap                  0x20000428  0x10000  Data  Lc  heap_4.o [1]
ucMaxSysCallPriority    0x20000000      0x1  Data  Lc  port.o [1]
ulMaxPRIGROUPValue      0x20000008      0x4  Data  Lc  port.o [1]
uwTick                  0x20010c64      0x4  Data  Gb  stm32f4xx_hal.o [1]
uxCriticalNesting       0x20000004      0x4  Data  Lc  port.o [1]
uxCurrentNumberOfTasks  0x20010774      0x4  Data  Lc  tasks.o [1]
uxDeletedTasksWaitingCleanUp
                        0x2001075c      0x4  Data  Lc  tasks.o [1]
uxListRemove            0x08002bcf     0x24  Code  Gb  list.o [1]
uxPendedTicks           0x20010784      0x4  Data  Lc  tasks.o [1]
uxSchedulerSuspended    0x20010798      0x4  Data  Lc  tasks.o [1]
uxTaskNumber            0x20010790      0x4  Data  Lc  tasks.o [1]
uxTopReadyPriority      0x2001077c      0x4  Data  Lc  tasks.o [1]
vApplicationMallocFailedHook
                        0x080041bd      0x2  Code  Wk  freertos.o [1]
vApplicationStackOverflowHook
                        0x080041fb      0x2  Code  Wk  freertos.o [1]
vListInitialise         0x08002b65     0x1a  Code  Gb  list.o [1]
vListInitialiseItem     0x08002b7f      0x6  Code  Gb  list.o [1]
vListInsert             0x08002b9d     0x32  Code  Gb  list.o [1]
vListInsertEnd          0x08002b85     0x18  Code  Gb  list.o [1]
vPortEnableVFP          0x080041a1           Code  Gb  portasm.o [1]
vPortEnterCritical      0x08002a51     0x32  Code  Gb  port.o [1]
vPortExitCritical       0x08002a83     0x22  Code  Gb  port.o [1]
vPortFree               0x08002d0b     0x44  Code  Gb  heap_4.o [1]
vPortStartFirstTask     0x08004189           Code  Gb  portasm.o [1]
vPortValidateInterruptPriority
                        0x08002acd     0x42  Code  Gb  port.o [1]
vQueueAddToRegistry     0x080012c5     0x20  Code  Gb  queue.o [1]
vQueueWaitForMessageRestricted
                        0x080012ed     0x48  Code  Gb  queue.o [1]
vTaskDelay              0x08002f95     0x2e  Code  Gb  tasks.o [1]
vTaskDelayUntil         0x08002f35     0x60  Code  Gb  tasks.o [1]
vTaskMissedYield        0x08003393      0x8  Code  Gb  tasks.o [1]
vTaskPlaceOnEventList   0x08003253     0x14  Code  Gb  tasks.o [1]
vTaskPlaceOnEventListRestricted
                        0x0800327f     0x1e  Code  Gb  tasks.o [1]
vTaskPriorityInherit    0x0800343b     0x76  Code  Gb  tasks.o [1]
vTaskSetTimeOutState    0x0800331f     0x1e  Code  Gb  tasks.o [1]
vTaskStartScheduler     0x08002fd5     0x60  Code  Gb  tasks.o [1]
vTaskSuspendAll         0x08003035      0xc  Code  Gb  tasks.o [1]
vTaskSwitchContext      0x080031c9     0x76  Code  Gb  tasks.o [1]
xActiveTimerList1       0x20010be8     0x14  Data  Lc  timers.o [1]
xActiveTimerList2       0x20010bfc     0x14  Data  Lc  timers.o [1]
xBlockAllocatedBit      0x20000424      0x4  Data  Lc  heap_4.o [1]
xDelayedTaskList1       0x2001079c     0x14  Data  Lc  tasks.o [1]
xDelayedTaskList2       0x200107b0     0x14  Data  Lc  tasks.o [1]
xFreeBytesRemaining     0x2000041c      0x4  Data  Lc  heap_4.o [1]
xIdleTaskHandle         0x200107c4      0x4  Data  Lc  tasks.o [1]
xMinimumEverFreeBytesRemaining
                        0x20000420      0x4  Data  Lc  heap_4.o [1]
xNextTaskUnblockTime    0x20010794      0x4  Data  Lc  tasks.o [1]
xNumOfOverflows         0x2001078c      0x4  Data  Lc  tasks.o [1]
xPendingReadyList       0x20010728     0x14  Data  Lc  tasks.o [1]
xPortStartScheduler     0x080029b5     0x8a  Code  Gb  port.o [1]
xPortSysTickHandler     0x08002aa5     0x26  Code  Gb  port.o [1]
xQueueCreateMutex       0x08000de7     0x24  Code  Gb  queue.o [1]
xQueueGenericCreate     0x08000d99     0x38  Code  Gb  queue.o [1]
xQueueGenericReceive    0x08001069    0x136  Code  Gb  queue.o [1]
xQueueGenericReset      0x08000d25     0x74  Code  Gb  queue.o [1]
xQueueGenericSend       0x08000e0b    0x12a  Code  Gb  queue.o [1]
xQueueGenericSendFromISR
                        0x08000f35     0x92  Code  Gb  queue.o [1]
xQueueGiveFromISR       0x08000fc7     0x78  Code  Gb  queue.o [1]
xQueueRegistry          0x20010b58     0x40  Data  Gb  queue.o [1]
xSchedulerRunning       0x20010780      0x4  Data  Lc  tasks.o [1]
xStart                  0x20000410      0x8  Data  Lc  heap_4.o [1]
xSuspendedTaskList      0x20010760     0x14  Data  Lc  tasks.o [1]
xTaskCheckForTimeOut    0x0800333d     0x56  Code  Gb  tasks.o [1]
xTaskCreate             0x08002da9     0x58  Code  Gb  tasks.o [1]
xTaskGetSchedulerState  0x08003425     0x16  Code  Gb  tasks.o [1]
xTaskGetTickCount       0x080030e1      0x8  Code  Gb  tasks.o [1]
xTaskGetTickCountFromISR
                        0x080030e9      0xe  Code  Gb  tasks.o [1]
xTaskIncrementTick      0x080030f7     0xc2  Code  Gb  tasks.o [1]
xTaskPriorityDisinherit
                        0x080034b1     0x82  Code  Gb  tasks.o [1]
xTaskRemoveFromEventList
                        0x080032bb     0x4c  Code  Gb  tasks.o [1]
xTaskResumeAll          0x08003041     0x98  Code  Gb  tasks.o [1]
xTasksWaitingTermination
                        0x2001073c     0x14  Data  Lc  tasks.o [1]
xTickCount              0x20010778      0x4  Data  Lc  tasks.o [1]
xTimerCreate            0x08003de9     0x2e  Code  Gb  timers.o [1]
xTimerCreateTimerTask   0x08003db5     0x34  Code  Gb  timers.o [1]
xTimerGenericCommand    0x08003e4f     0x48  Code  Gb  timers.o [1]
xTimerQueue             0x20010bdc      0x4  Data  Lc  timers.o [1]
xTimerTaskHandle        0x20010be0      0x4  Data  Lc  timers.o [1]
xYieldPending           0x20010788      0x4  Data  Lc  tasks.o [1]


[1] = E:\Workspaces\James\Firmware_46_SW4STM\Gen9_BPS_46\EWARM\Gen9_BPS_46\Obj
[2] = command line
[3] = dl7M_tlf.a
[4] = m7M_tls.a
[5] = rt7M_tl.a
[6] = shb_l.a

  18 342 bytes of readonly  code memory
     102 bytes of readonly  data memory
  68 712 bytes of readwrite data memory

Errors: 21
Warnings: none
